[INFO] Scanning for projects...
[INFO] 
[INFO] -----------------< com.suachuabientan:system_internal >-----------------
[INFO] Building System Internal Backend 0.0.1-SNAPSHOT
[INFO]   from pom.xml
[INFO] --------------------------------[ jar ]---------------------------------
[INFO] 
[INFO] >>> spring-boot:3.2.5:run (default-cli) > test-compile @ system_internal >>>
[INFO] 
[INFO] --- resources:3.3.1:resources (default-resources) @ system_internal ---
[INFO] Copying 3 resources from src\main\resources to target\classes
[INFO] Copying 29 resources from src\main\resources to target\classes
[INFO] 
[INFO] --- compiler:3.11.0:compile (default-compile) @ system_internal ---
[INFO] Nothing to compile - all classes are up to date
[INFO] 
[INFO] --- resources:3.3.1:testResources (default-testResources) @ system_internal ---
[INFO] skip non existing resourceDirectory D:\workspace\system_inl\application\backend\src\test\resources
[INFO] 
[INFO] --- compiler:3.11.0:testCompile (default-testCompile) @ system_internal ---
[INFO] Nothing to compile - all classes are up to date
[INFO] 
[INFO] <<< spring-boot:3.2.5:run (default-cli) < test-compile @ system_internal <<<
[INFO] 
[INFO] 
[INFO] --- spring-boot:3.2.5:run (default-cli) @ system_internal ---
[INFO] Attaching agents: []
Standard Commons Logging discovery in action with spring-jcl: please remove commons-logging.jar from classpath in order to avoid potential conflicts

  .   ____          _            __ _ _
 /\\ / ___'_ __ _ _(_)_ __  __ _ \ \ \ \
( ( )\___ | '_ | '_| | '_ \/ _` | \ \ \ \
 \\/  ___)| |_)| | | | | || (_| |  ) ) ) )
  '  |____| .__|_| |_|_| |_\__, | / / / /
 =========|_|==============|___/=/_/_/_/
 :: Spring Boot ::                (v3.2.5)

{"timestamp":"2026-06-01T07:13:21.3408346Z","service":"system-internal","level":"INFO","severity":"INFO","logger":"org.hibernate.validator.internal.util.Version","thread":"background-preinit","message":"HV000001: Hibernate Validator 8.0.1.Final"}
{"timestamp":"2026-06-01T07:13:21.3687472Z","service":"system-internal","level":"INFO","severity":"INFO","logger":"com.suachuabientan.system_internal.SystemInternalApplication","thread":"main","message":"Starting SystemInternalApplication using Java 21.0.9 with PID 7888 (D:\\workspace\\system_inl\\application\\backend\\target\\classes started by admin in D:\\workspace\\system_inl\\application\\backend)"}
{"timestamp":"2026-06-01T07:13:21.3697222Z","service":"system-internal","level":"INFO","severity":"INFO","logger":"com.suachuabientan.system_internal.SystemInternalApplication","thread":"main","message":"The following 1 profile is active: \"dev\""}
{"timestamp":"2026-06-01T07:13:22.1811869Z","service":"system-internal","level":"INFO","severity":"INFO","logger":"org.springframework.data.repository.config.RepositoryConfigurationDelegate","thread":"main","message":"Multiple Spring Data modules found, entering strict repository configuration mode"}
{"timestamp":"2026-06-01T07:13:22.1821566Z","service":"system-internal","level":"INFO","severity":"INFO","logger":"org.springframework.data.repository.config.RepositoryConfigurationDelegate","thread":"main","message":"Bootstrapping Spring Data JPA repositories in DEFAULT mode."}
{"timestamp":"2026-06-01T07:13:22.3093935Z","service":"system-internal","level":"INFO","severity":"INFO","logger":"org.springframework.data.repository.config.RepositoryConfigurationDelegate","thread":"main","message":"Finished Spring Data repository scanning in 122 ms. Found 18 JPA repository interfaces."}
{"timestamp":"2026-06-01T07:13:22.3177581Z","service":"system-internal","level":"INFO","severity":"INFO","logger":"org.springframework.data.repository.config.RepositoryConfigurationDelegate","thread":"main","message":"Multiple Spring Data modules found, entering strict repository configuration mode"}
{"timestamp":"2026-06-01T07:13:22.3187437Z","service":"system-internal","level":"INFO","severity":"INFO","logger":"org.springframework.data.repository.config.RepositoryConfigurationDelegate","thread":"main","message":"Bootstrapping Spring Data Redis repositories in DEFAULT mode."}
{"timestamp":"2026-06-01T07:13:22.3316804Z","service":"system-internal","level":"INFO","severity":"INFO","logger":"org.springframework.data.repository.config.RepositoryConfigurationExtensionSupport","thread":"main","message":"Spring Data Redis - Could not safely identify store assignment for repository candidate interface com.suachuabientan.system_internal.modules.attendance.repository.AttendanceRecordRepository; If you want this repository to be a Redis repository, consider annotating your entities with one of these annotations: org.springframework.data.redis.core.RedisHash (preferred), or consider extending one of the following types with your repository: org.springframework.data.keyvalue.repository.KeyValueRepository"}
{"timestamp":"2026-06-01T07:13:22.3326315Z","service":"system-internal","level":"INFO","severity":"INFO","logger":"org.springframework.data.repository.config.RepositoryConfigurationExtensionSupport","thread":"main","message":"Spring Data Redis - Could not safely identify store assignment for repository candidate interface com.suachuabientan.system_internal.modules.attendance.repository.FaceRecognitionDailyAlertRepository; If you want this repository to be a Redis repository, consider annotating your entities with one of these annotations: org.springframework.data.redis.core.RedisHash (preferred), or consider extending one of the following types with your repository: org.springframework.data.keyvalue.repository.KeyValueRepository"}
{"timestamp":"2026-06-01T07:13:22.3326315Z","service":"system-internal","level":"INFO","severity":"INFO","logger":"org.springframework.data.repository.config.RepositoryConfigurationExtensionSupport","thread":"main","message":"Spring Data Redis - Could not safely identify store assignment for repository candidate interface com.suachuabientan.system_internal.modules.attendance.repository.FaceRecognitionLogRepository; If you want this repository to be a Redis repository, consider annotating your entities with one of these annotations: org.springframework.data.redis.core.RedisHash (preferred), or consider extending one of the following types with your repository: org.springframework.data.keyvalue.repository.KeyValueRepository"}
{"timestamp":"2026-06-01T07:13:22.3326315Z","service":"system-internal","level":"INFO","severity":"INFO","logger":"org.springframework.data.repository.config.RepositoryConfigurationExtensionSupport","thread":"main","message":"Spring Data Redis - Could not safely identify store assignment for repository candidate interface com.suachuabientan.system_internal.modules.attendance.repository.WorkScheduleRepository; If you want this repository to be a Redis repository, consider annotating your entities with one of these annotations: org.springframework.data.redis.core.RedisHash (preferred), or consider extending one of the following types with your repository: org.springframework.data.keyvalue.repository.KeyValueRepository"}
{"timestamp":"2026-06-01T07:13:22.3326315Z","service":"system-internal","level":"INFO","severity":"INFO","logger":"org.springframework.data.repository.config.RepositoryConfigurationExtensionSupport","thread":"main","message":"Spring Data Redis - Could not safely identify store assignment for repository candidate interface com.suachuabientan.system_internal.modules.auth.repository.PasswordResetOtpRepository; If you want this repository to be a Redis repository, consider annotating your entities with one of these annotations: org.springframework.data.redis.core.RedisHash (preferred), or consider extending one of the following types with your repository: org.springframework.data.keyvalue.repository.KeyValueRepository"}
{"timestamp":"2026-06-01T07:13:22.3341365Z","service":"system-internal","level":"INFO","severity":"INFO","logger":"org.springframework.data.repository.config.RepositoryConfigurationExtensionSupport","thread":"main","message":"Spring Data Redis - Could not safely identify store assignment for repository candidate interface com.suachuabientan.system_internal.modules.auth.repository.RefreshTokenRepository; If you want this repository to be a Redis repository, consider annotating your entities with one of these annotations: org.springframework.data.redis.core.RedisHash (preferred), or consider extending one of the following types with your repository: org.springframework.data.keyvalue.repository.KeyValueRepository"}
{"timestamp":"2026-06-01T07:13:22.3341365Z","service":"system-internal","level":"INFO","severity":"INFO","logger":"org.springframework.data.repository.config.RepositoryConfigurationExtensionSupport","thread":"main","message":"Spring Data Redis - Could not safely identify store assignment for repository candidate interface com.suachuabientan.system_internal.modules.auth.repository.UserRegistrationRequestRepository; If you want this repository to be a Redis repository, consider annotating your entities with one of these annotations: org.springframework.data.redis.core.RedisHash (preferred), or consider extending one of the following types with your repository: org.springframework.data.keyvalue.repository.KeyValueRepository"}
{"timestamp":"2026-06-01T07:13:22.3351179Z","service":"system-internal","level":"INFO","severity":"INFO","logger":"org.springframework.data.repository.config.RepositoryConfigurationExtensionSupport","thread":"main","message":"Spring Data Redis - Could not safely identify store assignment for repository candidate interface com.suachuabientan.system_internal.modules.auth.repository.UserRepository; If you want this repository to be a Redis repository, consider annotating your entities with one of these annotations: org.springframework.data.redis.core.RedisHash (preferred), or consider extending one of the following types with your repository: org.springframework.data.keyvalue.repository.KeyValueRepository"}
{"timestamp":"2026-06-01T07:13:22.3351179Z","service":"system-internal","level":"INFO","severity":"INFO","logger":"org.springframework.data.repository.config.RepositoryConfigurationExtensionSupport","thread":"main","message":"Spring Data Redis - Could not safely identify store assignment for repository candidate interface com.suachuabientan.system_internal.modules.messaging.repository.ConversationMemberRepository; If you want this repository to be a Redis repository, consider annotating your entities with one of these annotations: org.springframework.data.redis.core.RedisHash (preferred), or consider extending one of the following types with your repository: org.springframework.data.keyvalue.repository.KeyValueRepository"}
{"timestamp":"2026-06-01T07:13:22.3351179Z","service":"system-internal","level":"INFO","severity":"INFO","logger":"org.springframework.data.repository.config.RepositoryConfigurationExtensionSupport","thread":"main","message":"Spring Data Redis - Could not safely identify store assignment for repository candidate interface com.suachuabientan.system_internal.modules.messaging.repository.ConversationRepository; If you want this repository to be a Redis repository, consider annotating your entities with one of these annotations: org.springframework.data.redis.core.RedisHash (preferred), or consider extending one of the following types with your repository: org.springframework.data.keyvalue.repository.KeyValueRepository"}
{"timestamp":"2026-06-01T07:13:22.3351179Z","service":"system-internal","level":"INFO","severity":"INFO","logger":"org.springframework.data.repository.config.RepositoryConfigurationExtensionSupport","thread":"main","message":"Spring Data Redis - Could not safely identify store assignment for repository candidate interface com.suachuabientan.system_internal.modules.messaging.repository.MessageReadRepository; If you want this repository to be a Redis repository, consider annotating your entities with one of these annotations: org.springframework.data.redis.core.RedisHash (preferred), or consider extending one of the following types with your repository: org.springframework.data.keyvalue.repository.KeyValueRepository"}
{"timestamp":"2026-06-01T07:13:22.3360933Z","service":"system-internal","level":"INFO","severity":"INFO","logger":"org.springframework.data.repository.config.RepositoryConfigurationExtensionSupport","thread":"main","message":"Spring Data Redis - Could not safely identify store assignment for repository candidate interface com.suachuabientan.system_internal.modules.messaging.repository.MessageRepository; If you want this repository to be a Redis repository, consider annotating your entities with one of these annotations: org.springframework.data.redis.core.RedisHash (preferred), or consider extending one of the following types with your repository: org.springframework.data.keyvalue.repository.KeyValueRepository"}
{"timestamp":"2026-06-01T07:13:22.3360933Z","service":"system-internal","level":"INFO","severity":"INFO","logger":"org.springframework.data.repository.config.RepositoryConfigurationExtensionSupport","thread":"main","message":"Spring Data Redis - Could not safely identify store assignment for repository candidate interface com.suachuabientan.system_internal.modules.notification.repository.NotificationRepository; If you want this repository to be a Redis repository, consider annotating your entities with one of these annotations: org.springframework.data.redis.core.RedisHash (preferred), or consider extending one of the following types with your repository: org.springframework.data.keyvalue.repository.KeyValueRepository"}
{"timestamp":"2026-06-01T07:13:22.3360933Z","service":"system-internal","level":"INFO","severity":"INFO","logger":"org.springframework.data.repository.config.RepositoryConfigurationExtensionSupport","thread":"main","message":"Spring Data Redis - Could not safely identify store assignment for repository candidate interface com.suachuabientan.system_internal.modules.repair.repository.RepairImageRepository; If you want this repository to be a Redis repository, consider annotating your entities with one of these annotations: org.springframework.data.redis.core.RedisHash (preferred), or consider extending one of the following types with your repository: org.springframework.data.keyvalue.repository.KeyValueRepository"}
{"timestamp":"2026-06-01T07:13:22.3360933Z","service":"system-internal","level":"INFO","severity":"INFO","logger":"org.springframework.data.repository.config.RepositoryConfigurationExtensionSupport","thread":"main","message":"Spring Data Redis - Could not safely identify store assignment for repository candidate interface com.suachuabientan.system_internal.modules.repair.repository.RepairOrderRepository; If you want this repository to be a Redis repository, consider annotating your entities with one of these annotations: org.springframework.data.redis.core.RedisHash (preferred), or consider extending one of the following types with your repository: org.springframework.data.keyvalue.repository.KeyValueRepository"}
{"timestamp":"2026-06-01T07:13:22.3372608Z","service":"system-internal","level":"INFO","severity":"INFO","logger":"org.springframework.data.repository.config.RepositoryConfigurationExtensionSupport","thread":"main","message":"Spring Data Redis - Could not safely identify store assignment for repository candidate interface com.suachuabientan.system_internal.modules.repair.repository.RepairTimelineRepository; If you want this repository to be a Redis repository, consider annotating your entities with one of these annotations: org.springframework.data.redis.core.RedisHash (preferred), or consider extending one of the following types with your repository: org.springframework.data.keyvalue.repository.KeyValueRepository"}
{"timestamp":"2026-06-01T07:13:22.3374315Z","service":"system-internal","level":"INFO","severity":"INFO","logger":"org.springframework.data.repository.config.RepositoryConfigurationExtensionSupport","thread":"main","message":"Spring Data Redis - Could not safely identify store assignment for repository candidate interface com.suachuabientan.system_internal.modules.warehouse.repository.BoardCheckoutRepository; If you want this repository to be a Redis repository, consider annotating your entities with one of these annotations: org.springframework.data.redis.core.RedisHash (preferred), or consider extending one of the following types with your repository: org.springframework.data.keyvalue.repository.KeyValueRepository"}
{"timestamp":"2026-06-01T07:13:22.3374315Z","service":"system-internal","level":"INFO","severity":"INFO","logger":"org.springframework.data.repository.config.RepositoryConfigurationExtensionSupport","thread":"main","message":"Spring Data Redis - Could not safely identify store assignment for repository candidate interface com.suachuabientan.system_internal.modules.warehouse.repository.BoardItemRepository; If you want this repository to be a Redis repository, consider annotating your entities with one of these annotations: org.springframework.data.redis.core.RedisHash (preferred), or consider extending one of the following types with your repository: org.springframework.data.keyvalue.repository.KeyValueRepository"}
{"timestamp":"2026-06-01T07:13:22.3374315Z","service":"system-internal","level":"INFO","severity":"INFO","logger":"org.springframework.data.repository.config.RepositoryConfigurationDelegate","thread":"main","message":"Finished Spring Data repository scanning in 13 ms. Found 0 Redis repository interfaces."}
{"timestamp":"2026-06-01T07:13:22.9569618Z","service":"system-internal","level":"INFO","severity":"INFO","logger":"org.springframework.boot.web.embedded.tomcat.TomcatWebServer","thread":"main","message":"Tomcat initialized with port 8080 (http)"}
{"timestamp":"2026-06-01T07:13:22.9638377Z","service":"system-internal","level":"INFO","severity":"INFO","logger":"org.apache.coyote.http11.Http11NioProtocol","thread":"main","message":"Initializing ProtocolHandler [\"http-nio-8080\"]"}
{"timestamp":"2026-06-01T07:13:22.9657822Z","service":"system-internal","level":"INFO","severity":"INFO","logger":"org.apache.catalina.core.StandardService","thread":"main","message":"Starting service [Tomcat]"}
{"timestamp":"2026-06-01T07:13:22.9657822Z","service":"system-internal","level":"INFO","severity":"INFO","logger":"org.apache.catalina.core.StandardEngine","thread":"main","message":"Starting Servlet engine: [Apache Tomcat/10.1.20]"}
{"timestamp":"2026-06-01T07:13:23.0316593Z","service":"system-internal","level":"INFO","severity":"INFO","logger":"org.apache.catalina.core.ContainerBase.[Tomcat].[localhost].[/]","thread":"main","message":"Initializing Spring embedded WebApplicationContext"}
{"timestamp":"2026-06-01T07:13:23.0326402Z","service":"system-internal","level":"INFO","severity":"INFO","logger":"org.springframework.boot.web.servlet.context.ServletWebServerApplicationContext","thread":"main","message":"Root WebApplicationContext: initialization completed in 1633 ms"}
Standard Commons Logging discovery in action with spring-jcl: please remove commons-logging.jar from classpath in order to avoid potential conflicts
{"timestamp":"2026-06-01T07:13:23.2461567Z","service":"system-internal","level":"INFO","severity":"INFO","logger":"com.zaxxer.hikari.HikariDataSource","thread":"main","message":"HikariPool-1 - Starting..."}
{"timestamp":"2026-06-01T07:13:23.3760924Z","service":"system-internal","level":"INFO","severity":"INFO","logger":"com.zaxxer.hikari.pool.HikariPool","thread":"main","message":"HikariPool-1 - Added connection org.postgresql.jdbc.PgConnection@470b5213"}
{"timestamp":"2026-06-01T07:13:23.3771366Z","service":"system-internal","level":"INFO","severity":"INFO","logger":"com.zaxxer.hikari.HikariDataSource","thread":"main","message":"HikariPool-1 - Start completed."}
{"timestamp":"2026-06-01T07:13:23.4463985Z","service":"system-internal","level":"INFO","severity":"INFO","logger":"org.flywaydb.core.internal.license.VersionPrinter","thread":"main","message":"Flyway Community Edition 9.22.3 by Redgate"}
{"timestamp":"2026-06-01T07:13:23.4463985Z","service":"system-internal","level":"INFO","severity":"INFO","logger":"org.flywaydb.core.internal.license.VersionPrinter","thread":"main","message":"See release notes here: https://rd.gt/416ObMi"}
{"timestamp":"2026-06-01T07:13:23.4473744Z","service":"system-internal","level":"INFO","severity":"INFO","logger":"org.flywaydb.core.internal.license.VersionPrinter","thread":"main","message":""}
{"timestamp":"2026-06-01T07:13:23.4625083Z","service":"system-internal","level":"INFO","severity":"INFO","logger":"org.flywaydb.core.FlywayExecutor","thread":"main","message":"Database: jdbc:postgresql://localhost:5432/system_internal_db (PostgreSQL 15.17)"}
{"timestamp":"2026-06-01T07:13:23.5184353Z","service":"system-internal","level":"INFO","severity":"INFO","logger":"org.flywaydb.core.internal.command.DbValidate","thread":"main","message":"Successfully validated 23 migrations (execution time 00:00.037s)"}
{"timestamp":"2026-06-01T07:13:23.5345946Z","service":"system-internal","level":"INFO","severity":"INFO","logger":"org.flywaydb.core.internal.command.DbMigrate","thread":"main","message":"Current version of schema \"public\": 22"}
{"timestamp":"2026-06-01T07:13:23.538506Z","service":"system-internal","level":"INFO","severity":"INFO","logger":"org.flywaydb.core.internal.command.DbMigrate","thread":"main","message":"Schema \"public\" is up to date. No migration necessary."}
{"timestamp":"2026-06-01T07:13:23.6409706Z","service":"system-internal","level":"INFO","severity":"INFO","logger":"org.hibernate.jpa.internal.util.LogHelper","thread":"main","message":"HHH000204: Processing PersistenceUnitInfo [name: default]"}
{"timestamp":"2026-06-01T07:13:23.7084505Z","service":"system-internal","level":"INFO","severity":"INFO","logger":"org.hibernate.Version","thread":"main","message":"HHH000412: Hibernate ORM core version 6.4.4.Final"}
{"timestamp":"2026-06-01T07:13:23.7452104Z","service":"system-internal","level":"INFO","severity":"INFO","logger":"org.hibernate.cache.internal.RegionFactoryInitiator","thread":"main","message":"HHH000026: Second-level cache disabled"}
{"timestamp":"2026-06-01T07:13:23.9573028Z","service":"system-internal","level":"INFO","severity":"INFO","logger":"org.springframework.orm.jpa.persistenceunit.SpringPersistenceUnitInfo","thread":"main","message":"No LoadTimeWeaver setup: ignoring JPA class transformer"}
{"timestamp":"2026-06-01T07:13:25.0280068Z","service":"system-internal","level":"INFO","severity":"INFO","logger":"org.hibernate.engine.transaction.jta.platform.internal.JtaPlatformInitiator","thread":"main","message":"HHH000489: No JTA platform available (set 'hibernate.transaction.jta.platform' to enable JTA platform integration)"}
{"timestamp":"2026-06-01T07:13:25.064141Z","service":"system-internal","level":"INFO","severity":"INFO","logger":"org.springframework.orm.jpa.LocalContainerEntityManagerFactoryBean","thread":"main","message":"Initialized JPA EntityManagerFactory for persistence unit 'default'"}
{"timestamp":"2026-06-01T07:13:25.3033578Z","service":"system-internal","level":"INFO","severity":"INFO","logger":"org.springframework.data.jpa.repository.query.QueryEnhancerFactory","thread":"main","message":"Hibernate is in classpath; If applicable, HQL parser will be used."}
{"timestamp":"2026-06-01T07:13:26.1483564Z","service":"system-internal","level":"INFO","severity":"INFO","logger":"com.suachuabientan.system_internal.config.FirebaseConfig","thread":"main","message":"✓ Firebase Admin SDK khởi tạo thành công"}
{"timestamp":"2026-06-01T07:13:27.1355041Z","service":"system-internal","level":"WARN","severity":"WARNING","logger":"org.springframework.boot.autoconfigure.orm.jpa.JpaBaseConfiguration$JpaWebConfiguration","thread":"main","message":"spring.jpa.open-in-view is enabled by default. Therefore, database queries may be performed during view rendering. Explicitly configure spring.jpa.open-in-view to disable this warning"}
{"timestamp":"2026-06-01T07:13:27.664325Z","service":"system-internal","level":"INFO","severity":"INFO","logger":"org.springframework.boot.actuate.endpoint.web.EndpointLinksResolver","thread":"main","message":"Exposing 1 endpoint(s) beneath base path '/actuator'"}
{"timestamp":"2026-06-01T07:13:27.7330703Z","service":"system-internal","level":"INFO","severity":"INFO","logger":"org.springframework.security.web.access.channel.ChannelProcessingFilter","thread":"main","message":"Validated configuration attributes"}
{"timestamp":"2026-06-01T07:13:27.739488Z","service":"system-internal","level":"INFO","severity":"INFO","logger":"org.springframework.security.web.DefaultSecurityFilterChain","thread":"main","message":"Will secure any request with [org.springframework.security.web.session.DisableEncodeUrlFilter@17353fbd, org.springframework.security.web.access.channel.ChannelProcessingFilter@747f79eb, org.springframework.security.web.context.request.async.WebAsyncManagerIntegrationFilter@3342e5ce, org.springframework.security.web.context.SecurityContextHolderFilter@258d6898, org.springframework.security.web.header.HeaderWriterFilter@7f121bd5, org.springframework.web.filter.CorsFilter@5ee5178e, org.springframework.security.web.authentication.logout.LogoutFilter@c841ea3, com.suachuabientan.system_internal.security.filter.JwtAuthFilter@6079a082, org.springframework.security.web.savedrequest.RequestCacheAwareFilter@5c8d2380, org.springframework.security.web.servletapi.SecurityContextHolderAwareRequestFilter@66a9c677, org.springframework.security.web.authentication.AnonymousAuthenticationFilter@6ca432b0, org.springframework.security.web.session.SessionManagementFilter@413c6ea6, org.springframework.security.web.access.ExceptionTranslationFilter@4e3d2d76, org.springframework.security.web.access.intercept.AuthorizationFilter@7c550d44]"}
{"timestamp":"2026-06-01T07:13:28.3195453Z","service":"system-internal","level":"INFO","severity":"INFO","logger":"org.apache.coyote.http11.Http11NioProtocol","thread":"main","message":"Starting ProtocolHandler [\"http-nio-8080\"]"}
{"timestamp":"2026-06-01T07:13:28.3334989Z","service":"system-internal","level":"WARN","severity":"WARNING","logger":"org.springframework.boot.web.servlet.context.AnnotationConfigServletWebServerApplicationContext","thread":"main","message":"Exception encountered during context initialization - cancelling refresh attempt: org.springframework.context.ApplicationContextException: Failed to start bean 'webServerStartStop'"}
{"timestamp":"2026-06-01T07:13:28.3457833Z","service":"system-internal","level":"INFO","severity":"INFO","logger":"org.springframework.orm.jpa.LocalContainerEntityManagerFactoryBean","thread":"main","message":"Closing JPA EntityManagerFactory for persistence unit 'default'"}
{"timestamp":"2026-06-01T07:13:28.3473149Z","service":"system-internal","level":"INFO","severity":"INFO","logger":"com.zaxxer.hikari.HikariDataSource","thread":"main","message":"HikariPool-1 - Shutdown initiated..."}
{"timestamp":"2026-06-01T07:13:28.351395Z","service":"system-internal","level":"INFO","severity":"INFO","logger":"com.zaxxer.hikari.HikariDataSource","thread":"main","message":"HikariPool-1 - Shutdown completed."}
{"timestamp":"2026-06-01T07:13:28.3674891Z","service":"system-internal","level":"INFO","severity":"INFO","logger":"org.springframework.boot.autoconfigure.logging.ConditionEvaluationReportLogger","thread":"main","message":"\r\n\r\nError starting ApplicationContext. To display the condition evaluation report re-run your application with 'debug' enabled."}
{"timestamp":"2026-06-01T07:13:28.3827722Z","service":"system-internal","level":"ERROR","severity":"ERROR","logger":"org.springframework.boot.diagnostics.LoggingFailureAnalysisReporter","thread":"main","message":"\r\n\r\n***************************\r\nAPPLICATION FAILED TO START\r\n***************************\r\n\r\nDescription:\r\n\r\nWeb server failed to start. Port 8080 was already in use.\r\n\r\nAction:\r\n\r\nIdentify and stop the process that's listening on port 8080 or configure this application to listen on another port.\r\n"}
[INFO] ------------------------------------------------------------------------
[INFO] BUILD FAILURE
[INFO] ------------------------------------------------------------------------
[INFO] Total time:  10.992 s
[INFO] Finished at: 2026-06-01T14:13:28+07:00
[INFO] ------------------------------------------------------------------------
[ERROR] Failed to execute goal org.springframework.boot:spring-boot-maven-plugin:3.2.5:run (default-cli) on project system_internal: Process terminated with exit code: 1 -> [Help 1]
[ERROR] 
[ERROR] To see the full stack trace of the errors, re-run Maven with the -e switch.
[ERROR] Re-run Maven using the -X switch to enable full debug logging.
[ERROR] 
[ERROR] For more information about the errors and possible solutions, please read the following articles:
[ERROR] [Help 1] http://cwiki.apache.org/confluence/display/MAVEN/MojoExecutionException
