[INFO] Scanning for projects...
[INFO] 
[INFO] -----------------< com.suachuabientan:system_internal >-----------------
[INFO] Building System Internal Backend 0.0.1-SNAPSHOT
[INFO]   from pom.xml
[INFO] --------------------------------[ jar ]---------------------------------
[INFO] 
[INFO] >>> spring-boot:3.2.5:run (default-cli) > test-compile @ system_internal >>>
[INFO] 
[INFO] --- resources:3.3.1:resources (default-resources) @ system_internal ---
[INFO] Copying 3 resources from src\main\resources to target\classes
[INFO] Copying 29 resources from src\main\resources to target\classes
[INFO] 
[INFO] --- compiler:3.11.0:compile (default-compile) @ system_internal ---
[INFO] Nothing to compile - all classes are up to date
[INFO] 
[INFO] --- resources:3.3.1:testResources (default-testResources) @ system_internal ---
[INFO] skip non existing resourceDirectory D:\workspace\system_inl\application\backend\src\test\resources
[INFO] 
[INFO] --- compiler:3.11.0:testCompile (default-testCompile) @ system_internal ---
[INFO] Nothing to compile - all classes are up to date
[INFO] 
[INFO] <<< spring-boot:3.2.5:run (default-cli) < test-compile @ system_internal <<<
[INFO] 
[INFO] 
[INFO] --- spring-boot:3.2.5:run (default-cli) @ system_internal ---
[INFO] Attaching agents: []
Standard Commons Logging discovery in action with spring-jcl: please remove commons-logging.jar from classpath in order to avoid potential conflicts

  .   ____          _            __ _ _
 /\\ / ___'_ __ _ _(_)_ __  __ _ \ \ \ \
( ( )\___ | '_ | '_| | '_ \/ _` | \ \ \ \
 \\/  ___)| |_)| | | | | || (_| |  ) ) ) )
  '  |____| .__|_| |_|_| |_\__, | / / / /
 =========|_|==============|___/=/_/_/_/
 :: Spring Boot ::                (v3.2.5)

{"timestamp":"2026-06-01T07:43:43.2481312Z","service":"system-internal","level":"INFO","severity":"INFO","logger":"org.hibernate.validator.internal.util.Version","thread":"background-preinit","message":"HV000001: Hibernate Validator 8.0.1.Final"}
{"timestamp":"2026-06-01T07:43:43.2759525Z","service":"system-internal","level":"INFO","severity":"INFO","logger":"com.suachuabientan.system_internal.SystemInternalApplication","thread":"main","message":"Starting SystemInternalApplication using Java 21.0.9 with PID 12844 (D:\\workspace\\system_inl\\application\\backend\\target\\classes started by admin in D:\\workspace\\system_inl\\application\\backend)"}
{"timestamp":"2026-06-01T07:43:43.2764933Z","service":"system-internal","level":"INFO","severity":"INFO","logger":"com.suachuabientan.system_internal.SystemInternalApplication","thread":"main","message":"The following 1 profile is active: \"dev\""}
{"timestamp":"2026-06-01T07:43:44.1070758Z","service":"system-internal","level":"INFO","severity":"INFO","logger":"org.springframework.data.repository.config.RepositoryConfigurationDelegate","thread":"main","message":"Multiple Spring Data modules found, entering strict repository configuration mode"}
{"timestamp":"2026-06-01T07:43:44.1080525Z","service":"system-internal","level":"INFO","severity":"INFO","logger":"org.springframework.data.repository.config.RepositoryConfigurationDelegate","thread":"main","message":"Bootstrapping Spring Data JPA repositories in DEFAULT mode."}
{"timestamp":"2026-06-01T07:43:44.2365449Z","service":"system-internal","level":"INFO","severity":"INFO","logger":"org.springframework.data.repository.config.RepositoryConfigurationDelegate","thread":"main","message":"Finished Spring Data repository scanning in 123 ms. Found 18 JPA repository interfaces."}
{"timestamp":"2026-06-01T07:43:44.2450377Z","service":"system-internal","level":"INFO","severity":"INFO","logger":"org.springframework.data.repository.config.RepositoryConfigurationDelegate","thread":"main","message":"Multiple Spring Data modules found, entering strict repository configuration mode"}
{"timestamp":"2026-06-01T07:43:44.2460141Z","service":"system-internal","level":"INFO","severity":"INFO","logger":"org.springframework.data.repository.config.RepositoryConfigurationDelegate","thread":"main","message":"Bootstrapping Spring Data Redis repositories in DEFAULT mode."}
{"timestamp":"2026-06-01T07:43:44.2583001Z","service":"system-internal","level":"INFO","severity":"INFO","logger":"org.springframework.data.repository.config.RepositoryConfigurationExtensionSupport","thread":"main","message":"Spring Data Redis - Could not safely identify store assignment for repository candidate interface com.suachuabientan.system_internal.modules.attendance.repository.AttendanceRecordRepository; If you want this repository to be a Redis repository, consider annotating your entities with one of these annotations: org.springframework.data.redis.core.RedisHash (preferred), or consider extending one of the following types with your repository: org.springframework.data.keyvalue.repository.KeyValueRepository"}
{"timestamp":"2026-06-01T07:43:44.2592416Z","service":"system-internal","level":"INFO","severity":"INFO","logger":"org.springframework.data.repository.config.RepositoryConfigurationExtensionSupport","thread":"main","message":"Spring Data Redis - Could not safely identify store assignment for repository candidate interface com.suachuabientan.system_internal.modules.attendance.repository.FaceRecognitionDailyAlertRepository; If you want this repository to be a Redis repository, consider annotating your entities with one of these annotations: org.springframework.data.redis.core.RedisHash (preferred), or consider extending one of the following types with your repository: org.springframework.data.keyvalue.repository.KeyValueRepository"}
{"timestamp":"2026-06-01T07:43:44.2592416Z","service":"system-internal","level":"INFO","severity":"INFO","logger":"org.springframework.data.repository.config.RepositoryConfigurationExtensionSupport","thread":"main","message":"Spring Data Redis - Could not safely identify store assignment for repository candidate interface com.suachuabientan.system_internal.modules.attendance.repository.FaceRecognitionLogRepository; If you want this repository to be a Redis repository, consider annotating your entities with one of these annotations: org.springframework.data.redis.core.RedisHash (preferred), or consider extending one of the following types with your repository: org.springframework.data.keyvalue.repository.KeyValueRepository"}
{"timestamp":"2026-06-01T07:43:44.2592416Z","service":"system-internal","level":"INFO","severity":"INFO","logger":"org.springframework.data.repository.config.RepositoryConfigurationExtensionSupport","thread":"main","message":"Spring Data Redis - Could not safely identify store assignment for repository candidate interface com.suachuabientan.system_internal.modules.attendance.repository.WorkScheduleRepository; If you want this repository to be a Redis repository, consider annotating your entities with one of these annotations: org.springframework.data.redis.core.RedisHash (preferred), or consider extending one of the following types with your repository: org.springframework.data.keyvalue.repository.KeyValueRepository"}
{"timestamp":"2026-06-01T07:43:44.2592416Z","service":"system-internal","level":"INFO","severity":"INFO","logger":"org.springframework.data.repository.config.RepositoryConfigurationExtensionSupport","thread":"main","message":"Spring Data Redis - Could not safely identify store assignment for repository candidate interface com.suachuabientan.system_internal.modules.auth.repository.PasswordResetOtpRepository; If you want this repository to be a Redis repository, consider annotating your entities with one of these annotations: org.springframework.data.redis.core.RedisHash (preferred), or consider extending one of the following types with your repository: org.springframework.data.keyvalue.repository.KeyValueRepository"}
{"timestamp":"2026-06-01T07:43:44.2607454Z","service":"system-internal","level":"INFO","severity":"INFO","logger":"org.springframework.data.repository.config.RepositoryConfigurationExtensionSupport","thread":"main","message":"Spring Data Redis - Could not safely identify store assignment for repository candidate interface com.suachuabientan.system_internal.modules.auth.repository.RefreshTokenRepository; If you want this repository to be a Redis repository, consider annotating your entities with one of these annotations: org.springframework.data.redis.core.RedisHash (preferred), or consider extending one of the following types with your repository: org.springframework.data.keyvalue.repository.KeyValueRepository"}
{"timestamp":"2026-06-01T07:43:44.2607454Z","service":"system-internal","level":"INFO","severity":"INFO","logger":"org.springframework.data.repository.config.RepositoryConfigurationExtensionSupport","thread":"main","message":"Spring Data Redis - Could not safely identify store assignment for repository candidate interface com.suachuabientan.system_internal.modules.auth.repository.UserRegistrationRequestRepository; If you want this repository to be a Redis repository, consider annotating your entities with one of these annotations: org.springframework.data.redis.core.RedisHash (preferred), or consider extending one of the following types with your repository: org.springframework.data.keyvalue.repository.KeyValueRepository"}
{"timestamp":"2026-06-01T07:43:44.2607454Z","service":"system-internal","level":"INFO","severity":"INFO","logger":"org.springframework.data.repository.config.RepositoryConfigurationExtensionSupport","thread":"main","message":"Spring Data Redis - Could not safely identify store assignment for repository candidate interface com.suachuabientan.system_internal.modules.auth.repository.UserRepository; If you want this repository to be a Redis repository, consider annotating your entities with one of these annotations: org.springframework.data.redis.core.RedisHash (preferred), or consider extending one of the following types with your repository: org.springframework.data.keyvalue.repository.KeyValueRepository"}
{"timestamp":"2026-06-01T07:43:44.2617262Z","service":"system-internal","level":"INFO","severity":"INFO","logger":"org.springframework.data.repository.config.RepositoryConfigurationExtensionSupport","thread":"main","message":"Spring Data Redis - Could not safely identify store assignment for repository candidate interface com.suachuabientan.system_internal.modules.messaging.repository.ConversationMemberRepository; If you want this repository to be a Redis repository, consider annotating your entities with one of these annotations: org.springframework.data.redis.core.RedisHash (preferred), or consider extending one of the following types with your repository: org.springframework.data.keyvalue.repository.KeyValueRepository"}
{"timestamp":"2026-06-01T07:43:44.2617262Z","service":"system-internal","level":"INFO","severity":"INFO","logger":"org.springframework.data.repository.config.RepositoryConfigurationExtensionSupport","thread":"main","message":"Spring Data Redis - Could not safely identify store assignment for repository candidate interface com.suachuabientan.system_internal.modules.messaging.repository.ConversationRepository; If you want this repository to be a Redis repository, consider annotating your entities with one of these annotations: org.springframework.data.redis.core.RedisHash (preferred), or consider extending one of the following types with your repository: org.springframework.data.keyvalue.repository.KeyValueRepository"}
{"timestamp":"2026-06-01T07:43:44.2617262Z","service":"system-internal","level":"INFO","severity":"INFO","logger":"org.springframework.data.repository.config.RepositoryConfigurationExtensionSupport","thread":"main","message":"Spring Data Redis - Could not safely identify store assignment for repository candidate interface com.suachuabientan.system_internal.modules.messaging.repository.MessageReadRepository; If you want this repository to be a Redis repository, consider annotating your entities with one of these annotations: org.springframework.data.redis.core.RedisHash (preferred), or consider extending one of the following types with your repository: org.springframework.data.keyvalue.repository.KeyValueRepository"}
{"timestamp":"2026-06-01T07:43:44.2617262Z","service":"system-internal","level":"INFO","severity":"INFO","logger":"org.springframework.data.repository.config.RepositoryConfigurationExtensionSupport","thread":"main","message":"Spring Data Redis - Could not safely identify store assignment for repository candidate interface com.suachuabientan.system_internal.modules.messaging.repository.MessageRepository; If you want this repository to be a Redis repository, consider annotating your entities with one of these annotations: org.springframework.data.redis.core.RedisHash (preferred), or consider extending one of the following types with your repository: org.springframework.data.keyvalue.repository.KeyValueRepository"}
{"timestamp":"2026-06-01T07:43:44.2627897Z","service":"system-internal","level":"INFO","severity":"INFO","logger":"org.springframework.data.repository.config.RepositoryConfigurationExtensionSupport","thread":"main","message":"Spring Data Redis - Could not safely identify store assignment for repository candidate interface com.suachuabientan.system_internal.modules.notification.repository.NotificationRepository; If you want this repository to be a Redis repository, consider annotating your entities with one of these annotations: org.springframework.data.redis.core.RedisHash (preferred), or consider extending one of the following types with your repository: org.springframework.data.keyvalue.repository.KeyValueRepository"}
{"timestamp":"2026-06-01T07:43:44.2627897Z","service":"system-internal","level":"INFO","severity":"INFO","logger":"org.springframework.data.repository.config.RepositoryConfigurationExtensionSupport","thread":"main","message":"Spring Data Redis - Could not safely identify store assignment for repository candidate interface com.suachuabientan.system_internal.modules.repair.repository.RepairImageRepository; If you want this repository to be a Redis repository, consider annotating your entities with one of these annotations: org.springframework.data.redis.core.RedisHash (preferred), or consider extending one of the following types with your repository: org.springframework.data.keyvalue.repository.KeyValueRepository"}
{"timestamp":"2026-06-01T07:43:44.2632016Z","service":"system-internal","level":"INFO","severity":"INFO","logger":"org.springframework.data.repository.config.RepositoryConfigurationExtensionSupport","thread":"main","message":"Spring Data Redis - Could not safely identify store assignment for repository candidate interface com.suachuabientan.system_internal.modules.repair.repository.RepairOrderRepository; If you want this repository to be a Redis repository, consider annotating your entities with one of these annotations: org.springframework.data.redis.core.RedisHash (preferred), or consider extending one of the following types with your repository: org.springframework.data.keyvalue.repository.KeyValueRepository"}
{"timestamp":"2026-06-01T07:43:44.2632016Z","service":"system-internal","level":"INFO","severity":"INFO","logger":"org.springframework.data.repository.config.RepositoryConfigurationExtensionSupport","thread":"main","message":"Spring Data Redis - Could not safely identify store assignment for repository candidate interface com.suachuabientan.system_internal.modules.repair.repository.RepairTimelineRepository; If you want this repository to be a Redis repository, consider annotating your entities with one of these annotations: org.springframework.data.redis.core.RedisHash (preferred), or consider extending one of the following types with your repository: org.springframework.data.keyvalue.repository.KeyValueRepository"}
{"timestamp":"2026-06-01T07:43:44.2632016Z","service":"system-internal","level":"INFO","severity":"INFO","logger":"org.springframework.data.repository.config.RepositoryConfigurationExtensionSupport","thread":"main","message":"Spring Data Redis - Could not safely identify store assignment for repository candidate interface com.suachuabientan.system_internal.modules.warehouse.repository.BoardCheckoutRepository; If you want this repository to be a Redis repository, consider annotating your entities with one of these annotations: org.springframework.data.redis.core.RedisHash (preferred), or consider extending one of the following types with your repository: org.springframework.data.keyvalue.repository.KeyValueRepository"}
{"timestamp":"2026-06-01T07:43:44.2632016Z","service":"system-internal","level":"INFO","severity":"INFO","logger":"org.springframework.data.repository.config.RepositoryConfigurationExtensionSupport","thread":"main","message":"Spring Data Redis - Could not safely identify store assignment for repository candidate interface com.suachuabientan.system_internal.modules.warehouse.repository.BoardItemRepository; If you want this repository to be a Redis repository, consider annotating your entities with one of these annotations: org.springframework.data.redis.core.RedisHash (preferred), or consider extending one of the following types with your repository: org.springframework.data.keyvalue.repository.KeyValueRepository"}
{"timestamp":"2026-06-01T07:43:44.2641843Z","service":"system-internal","level":"INFO","severity":"INFO","logger":"org.springframework.data.repository.config.RepositoryConfigurationDelegate","thread":"main","message":"Finished Spring Data repository scanning in 13 ms. Found 0 Redis repository interfaces."}
{"timestamp":"2026-06-01T07:43:44.8206774Z","service":"system-internal","level":"INFO","severity":"INFO","logger":"org.springframework.boot.web.embedded.tomcat.TomcatWebServer","thread":"main","message":"Tomcat initialized with port 8080 (http)"}
{"timestamp":"2026-06-01T07:43:44.8275527Z","service":"system-internal","level":"INFO","severity":"INFO","logger":"org.apache.coyote.http11.Http11NioProtocol","thread":"main","message":"Initializing ProtocolHandler [\"http-nio-8080\"]"}
{"timestamp":"2026-06-01T07:43:44.8290936Z","service":"system-internal","level":"INFO","severity":"INFO","logger":"org.apache.catalina.core.StandardService","thread":"main","message":"Starting service [Tomcat]"}
{"timestamp":"2026-06-01T07:43:44.8290936Z","service":"system-internal","level":"INFO","severity":"INFO","logger":"org.apache.catalina.core.StandardEngine","thread":"main","message":"Starting Servlet engine: [Apache Tomcat/10.1.20]"}
{"timestamp":"2026-06-01T07:43:44.8831583Z","service":"system-internal","level":"INFO","severity":"INFO","logger":"org.apache.catalina.core.ContainerBase.[Tomcat].[localhost].[/]","thread":"main","message":"Initializing Spring embedded WebApplicationContext"}
{"timestamp":"2026-06-01T07:43:44.8841259Z","service":"system-internal","level":"INFO","severity":"INFO","logger":"org.springframework.boot.web.servlet.context.ServletWebServerApplicationContext","thread":"main","message":"Root WebApplicationContext: initialization completed in 1582 ms"}
Standard Commons Logging discovery in action with spring-jcl: please remove commons-logging.jar from classpath in order to avoid potential conflicts
{"timestamp":"2026-06-01T07:43:45.0850253Z","service":"system-internal","level":"INFO","severity":"INFO","logger":"com.zaxxer.hikari.HikariDataSource","thread":"main","message":"HikariPool-1 - Starting..."}
{"timestamp":"2026-06-01T07:43:45.1926627Z","service":"system-internal","level":"INFO","severity":"INFO","logger":"com.zaxxer.hikari.pool.HikariPool","thread":"main","message":"HikariPool-1 - Added connection org.postgresql.jdbc.PgConnection@76e2a621"}
{"timestamp":"2026-06-01T07:43:45.1942926Z","service":"system-internal","level":"INFO","severity":"INFO","logger":"com.zaxxer.hikari.HikariDataSource","thread":"main","message":"HikariPool-1 - Start completed."}
{"timestamp":"2026-06-01T07:43:45.2445881Z","service":"system-internal","level":"INFO","severity":"INFO","logger":"org.flywaydb.core.internal.license.VersionPrinter","thread":"main","message":"Flyway Community Edition 9.22.3 by Redgate"}
{"timestamp":"2026-06-01T07:43:45.2455731Z","service":"system-internal","level":"INFO","severity":"INFO","logger":"org.flywaydb.core.internal.license.VersionPrinter","thread":"main","message":"See release notes here: https://rd.gt/416ObMi"}
{"timestamp":"2026-06-01T07:43:45.2455731Z","service":"system-internal","level":"INFO","severity":"INFO","logger":"org.flywaydb.core.internal.license.VersionPrinter","thread":"main","message":""}
{"timestamp":"2026-06-01T07:43:45.2564272Z","service":"system-internal","level":"INFO","severity":"INFO","logger":"org.flywaydb.core.FlywayExecutor","thread":"main","message":"Database: jdbc:postgresql://localhost:5432/system_internal_db (PostgreSQL 15.17)"}
{"timestamp":"2026-06-01T07:43:45.2984911Z","service":"system-internal","level":"INFO","severity":"INFO","logger":"org.flywaydb.core.internal.command.DbValidate","thread":"main","message":"Successfully validated 23 migrations (execution time 00:00.028s)"}
{"timestamp":"2026-06-01T07:43:45.3228294Z","service":"system-internal","level":"INFO","severity":"INFO","logger":"org.flywaydb.core.internal.command.DbMigrate","thread":"main","message":"Current version of schema \"public\": 22"}
{"timestamp":"2026-06-01T07:43:45.3249609Z","service":"system-internal","level":"INFO","severity":"INFO","logger":"org.flywaydb.core.internal.command.DbMigrate","thread":"main","message":"Schema \"public\" is up to date. No migration necessary."}
{"timestamp":"2026-06-01T07:43:45.3928859Z","service":"system-internal","level":"INFO","severity":"INFO","logger":"org.hibernate.jpa.internal.util.LogHelper","thread":"main","message":"HHH000204: Processing PersistenceUnitInfo [name: default]"}
{"timestamp":"2026-06-01T07:43:45.4286785Z","service":"system-internal","level":"INFO","severity":"INFO","logger":"org.hibernate.Version","thread":"main","message":"HHH000412: Hibernate ORM core version 6.4.4.Final"}
{"timestamp":"2026-06-01T07:43:45.4511602Z","service":"system-internal","level":"INFO","severity":"INFO","logger":"org.hibernate.cache.internal.RegionFactoryInitiator","thread":"main","message":"HHH000026: Second-level cache disabled"}
{"timestamp":"2026-06-01T07:43:45.6021271Z","service":"system-internal","level":"INFO","severity":"INFO","logger":"org.springframework.orm.jpa.persistenceunit.SpringPersistenceUnitInfo","thread":"main","message":"No LoadTimeWeaver setup: ignoring JPA class transformer"}
{"timestamp":"2026-06-01T07:43:46.4991989Z","service":"system-internal","level":"INFO","severity":"INFO","logger":"org.hibernate.engine.transaction.jta.platform.internal.JtaPlatformInitiator","thread":"main","message":"HHH000489: No JTA platform available (set 'hibernate.transaction.jta.platform' to enable JTA platform integration)"}
{"timestamp":"2026-06-01T07:43:46.5356245Z","service":"system-internal","level":"INFO","severity":"INFO","logger":"org.springframework.orm.jpa.LocalContainerEntityManagerFactoryBean","thread":"main","message":"Initialized JPA EntityManagerFactory for persistence unit 'default'"}
{"timestamp":"2026-06-01T07:43:46.7343816Z","service":"system-internal","level":"INFO","severity":"INFO","logger":"org.springframework.data.jpa.repository.query.QueryEnhancerFactory","thread":"main","message":"Hibernate is in classpath; If applicable, HQL parser will be used."}
{"timestamp":"2026-06-01T07:43:47.4240012Z","service":"system-internal","level":"INFO","severity":"INFO","logger":"com.suachuabientan.system_internal.config.FirebaseConfig","thread":"main","message":"✓ Firebase Admin SDK khởi tạo thành công"}
{"timestamp":"2026-06-01T07:43:48.291973Z","service":"system-internal","level":"WARN","severity":"WARNING","logger":"org.springframework.boot.autoconfigure.orm.jpa.JpaBaseConfiguration$JpaWebConfiguration","thread":"main","message":"spring.jpa.open-in-view is enabled by default. Therefore, database queries may be performed during view rendering. Explicitly configure spring.jpa.open-in-view to disable this warning"}
{"timestamp":"2026-06-01T07:43:48.8159806Z","service":"system-internal","level":"INFO","severity":"INFO","logger":"org.springframework.boot.actuate.endpoint.web.EndpointLinksResolver","thread":"main","message":"Exposing 1 endpoint(s) beneath base path '/actuator'"}
{"timestamp":"2026-06-01T07:43:48.8820254Z","service":"system-internal","level":"INFO","severity":"INFO","logger":"org.springframework.security.web.access.channel.ChannelProcessingFilter","thread":"main","message":"Validated configuration attributes"}
{"timestamp":"2026-06-01T07:43:48.888472Z","service":"system-internal","level":"INFO","severity":"INFO","logger":"org.springframework.security.web.DefaultSecurityFilterChain","thread":"main","message":"Will secure any request with [org.springframework.security.web.session.DisableEncodeUrlFilter@4dc96071, org.springframework.security.web.access.channel.ChannelProcessingFilter@262bcb52, org.springframework.security.web.context.request.async.WebAsyncManagerIntegrationFilter@e5a79c6, org.springframework.security.web.context.SecurityContextHolderFilter@66a9c677, org.springframework.security.web.header.HeaderWriterFilter@6cb9cefe, org.springframework.web.filter.CorsFilter@2e7a53f9, org.springframework.security.web.authentication.logout.LogoutFilter@6e7867a3, com.suachuabientan.system_internal.security.filter.JwtAuthFilter@b28fd1, org.springframework.security.web.savedrequest.RequestCacheAwareFilter@5c8b33bd, org.springframework.security.web.servletapi.SecurityContextHolderAwareRequestFilter@10de4140, org.springframework.security.web.authentication.AnonymousAuthenticationFilter@1fba318, org.springframework.security.web.session.SessionManagementFilter@14e486d7, org.springframework.security.web.access.ExceptionTranslationFilter@640c43fe, org.springframework.security.web.access.intercept.AuthorizationFilter@6ca432b0]"}
{"timestamp":"2026-06-01T07:43:49.4041782Z","service":"system-internal","level":"INFO","severity":"INFO","logger":"org.apache.coyote.http11.Http11NioProtocol","thread":"main","message":"Starting ProtocolHandler [\"http-nio-8080\"]"}
{"timestamp":"2026-06-01T07:43:49.4166593Z","service":"system-internal","level":"INFO","severity":"INFO","logger":"org.springframework.boot.web.embedded.tomcat.TomcatWebServer","thread":"main","message":"Tomcat started on port 8080 (http) with context path ''"}
{"timestamp":"2026-06-01T07:43:49.4182273Z","service":"system-internal","level":"INFO","severity":"INFO","logger":"org.springframework.messaging.simp.broker.SimpleBrokerMessageHandler","thread":"main","message":"Starting..."}
{"timestamp":"2026-06-01T07:43:49.4182273Z","service":"system-internal","level":"INFO","severity":"INFO","logger":"org.springframework.messaging.simp.broker.SimpleBrokerMessageHandler","thread":"main","message":"BrokerAvailabilityEvent[available=true, SimpleBrokerMessageHandler [org.springframework.messaging.simp.broker.DefaultSubscriptionRegistry@6a52927d]]"}
{"timestamp":"2026-06-01T07:43:49.4187578Z","service":"system-internal","level":"INFO","severity":"INFO","logger":"org.springframework.messaging.simp.broker.SimpleBrokerMessageHandler","thread":"main","message":"Started."}
{"timestamp":"2026-06-01T07:43:49.4282127Z","service":"system-internal","level":"INFO","severity":"INFO","logger":"com.suachuabientan.system_internal.SystemInternalApplication","thread":"main","message":"Started SystemInternalApplication in 6.609 seconds (process running for 6.911)"}
{"timestamp":"2026-06-01T07:43:49.4745553Z","service":"system-internal","level":"INFO","severity":"INFO","logger":"com.suachuabientan.system_internal.modules.attendance.service.AttendanceAiSmokeTestRunner","thread":"main","message":"Attendance AI smoke test is disabled"}
{"timestamp":"2026-06-01T07:43:49.4745553Z","service":"system-internal","level":"INFO","severity":"INFO","logger":"com.suachuabientan.system_internal.config.DataInitializer","thread":"main","message":"=== DataInitializer: Kiểm tra tài khoản mặc định ==="}
{"timestamp":"2026-06-01T07:43:49.5650387Z","service":"system-internal","level":"INFO","severity":"INFO","logger":"com.suachuabientan.system_internal.config.DataInitializer","thread":"main","message":"✓ SUPER_ADMIN 'superadmin' đã tồn tại — bỏ qua."}
{"timestamp":"2026-06-01T07:43:49.567705Z","service":"system-internal","level":"INFO","severity":"INFO","logger":"com.suachuabientan.system_internal.config.DataInitializer","thread":"main","message":"✓ ADMIN 'admin' đã tồn tại — bỏ qua."}
{"timestamp":"2026-06-01T07:43:49.567705Z","service":"system-internal","level":"INFO","severity":"INFO","logger":"com.suachuabientan.system_internal.config.DataInitializer","thread":"main","message":"=== DataInitializer: Hoàn tất ==="}
{"timestamp":"2026-06-01T07:44:05.4008184Z","service":"system-internal","level":"INFO","severity":"INFO","logger":"org.apache.catalina.core.ContainerBase.[Tomcat].[localhost].[/]","thread":"http-nio-8080-exec-1","message":"Initializing Spring DispatcherServlet 'dispatcherServlet'"}
{"timestamp":"2026-06-01T07:44:05.4023275Z","service":"system-internal","level":"INFO","severity":"INFO","logger":"org.springframework.web.servlet.DispatcherServlet","thread":"http-nio-8080-exec-1","message":"Initializing Servlet 'dispatcherServlet'"}
{"timestamp":"2026-06-01T07:44:05.4043124Z","service":"system-internal","level":"INFO","severity":"INFO","logger":"org.springframework.web.servlet.DispatcherServlet","thread":"http-nio-8080-exec-1","message":"Completed initialization in 2 ms"}
{"timestamp":"2026-06-01T07:44:05.7460111Z","service":"system-internal","level":"INFO","severity":"INFO","logger":"com.suachuabientan.system_internal.common.logging.StructuredRequestLoggingFilter","thread":"http-nio-8080-exec-1","message":"http_request result=OK","path":"/actuator/health","client_ip":"127.0.0.1","status_code":"200","method":"GET","request_id":"af97b63e-d5cf-4d63-b1d5-6db08ebee34c","latency_ms":"339"}
{"timestamp":"2026-06-01T07:44:19.8983442Z","service":"system-internal","level":"INFO","severity":"INFO","logger":"com.suachuabientan.system_internal.modules.auth.service.AuthService","thread":"http-nio-8080-exec-3","message":"Đăng nhập thành công: userId=ea20da5f-ff30-4e6f-8bcd-7f1325c3f8c8, role=ADMIN","path":"/api/v1/auth/login","client_ip":"127.0.0.1","method":"POST","request_id":"1198922b-2ff8-45b1-936e-1c90ea309a11"}
{"timestamp":"2026-06-01T07:44:19.9178951Z","service":"system-internal","level":"INFO","severity":"INFO","logger":"com.suachuabientan.system_internal.common.logging.StructuredRequestLoggingFilter","thread":"http-nio-8080-exec-3","message":"http_request result=OK","path":"/api/v1/auth/login","client_ip":"127.0.0.1","status_code":"200","method":"POST","request_id":"1198922b-2ff8-45b1-936e-1c90ea309a11","latency_ms":"661"}
{"timestamp":"2026-06-01T07:44:20.0878395Z","service":"system-internal","level":"WARN","severity":"WARNING","logger":"com.suachuabientan.system_internal.modules.attendance.service.FaceRecognitionService","thread":"http-nio-8080-exec-4","message":"Face recognition service call failed: http://127.0.0.1:5000/api/v1/faces/encode (I/O error on POST request for \"http://127.0.0.1:5000/api/v1/faces/encode\": An established connection was aborted by the software in your host machine)","path":"/api/v1/employees/a3d72dc5-2f21-47d4-8d31-21390fae8587/face","client_ip":"127.0.0.1","method":"POST","request_id":"573a081e-7bfa-4ec5-89bd-74b321104642"}
{"timestamp":"2026-06-01T07:44:20.0915603Z","service":"system-internal","level":"WARN","severity":"WARNING","logger":"com.suachuabientan.system_internal.common.exception.GlobalExceptionHandler","thread":"http-nio-8080-exec-4","message":"Business exception: Khong the ket noi dich vu nhan dien khuon mat","path":"/api/v1/employees/a3d72dc5-2f21-47d4-8d31-21390fae8587/face","client_ip":"127.0.0.1","method":"POST","request_id":"573a081e-7bfa-4ec5-89bd-74b321104642"}
{"timestamp":"2026-06-01T07:44:20.0931772Z","service":"system-internal","level":"ERROR","severity":"ERROR","logger":"com.suachuabientan.system_internal.common.logging.StructuredRequestLoggingFilter","thread":"http-nio-8080-exec-4","message":"http_request result=ERROR","path":"/api/v1/employees/a3d72dc5-2f21-47d4-8d31-21390fae8587/face","client_ip":"127.0.0.1","status_code":"502","method":"POST","request_id":"573a081e-7bfa-4ec5-89bd-74b321104642","latency_ms":"76"}
{"timestamp":"2026-06-01T07:44:49.384955Z","service":"system-internal","level":"INFO","severity":"INFO","logger":"org.springframework.web.socket.config.WebSocketMessageBrokerStats","thread":"MessageBroker-1","message":"WebSocketSession[0 current WS(0)-HttpStream(0)-HttpPoll(0), 0 total, 0 closed abnormally (0 connect failure, 0 send limit, 0 transport error)], stompSubProtocol[processed CONNECT(0)-CONNECTED(0)-DISCONNECT(0)], stompBrokerRelay[null], inboundChannel[pool size = 0, active threads = 0, queued tasks = 0, completed tasks = 0], outboundChannel[pool size = 0, active threads = 0, queued tasks = 0, completed tasks = 0], sockJsScheduler[pool size = 4, active threads = 1, queued tasks = 3, completed tasks = 0]"}
{"timestamp":"2026-06-01T07:45:31.4888835Z","service":"system-internal","level":"INFO","severity":"INFO","logger":"com.suachuabientan.system_internal.modules.auth.service.AuthService","thread":"http-nio-8080-exec-5","message":"Đăng nhập thành công: userId=ea20da5f-ff30-4e6f-8bcd-7f1325c3f8c8, role=ADMIN","path":"/api/v1/auth/login","client_ip":"127.0.0.1","method":"POST","request_id":"e7424aa9-4da7-4102-9a10-2d69a7258d51"}
{"timestamp":"2026-06-01T07:45:31.4943124Z","service":"system-internal","level":"INFO","severity":"INFO","logger":"com.suachuabientan.system_internal.common.logging.StructuredRequestLoggingFilter","thread":"http-nio-8080-exec-5","message":"http_request result=OK","path":"/api/v1/auth/login","client_ip":"127.0.0.1","status_code":"200","method":"POST","request_id":"e7424aa9-4da7-4102-9a10-2d69a7258d51","latency_ms":"276"}
{"timestamp":"2026-06-01T07:45:31.6088977Z","service":"system-internal","level":"WARN","severity":"WARNING","logger":"com.suachuabientan.system_internal.modules.attendance.service.FaceRecognitionService","thread":"http-nio-8080-exec-7","message":"Face recognition service call failed: http://127.0.0.1:5000/api/v1/faces/encode (400 Bad Request: \"{\"error\":\"Only image/jpeg and image/png are supported\"}\")","path":"/api/v1/employees/a3d72dc5-2f21-47d4-8d31-21390fae8587/face","client_ip":"127.0.0.1","method":"POST","request_id":"1bf71972-7aae-49c0-8010-db5d339e461d"}
{"timestamp":"2026-06-01T07:45:31.6110714Z","service":"system-internal","level":"WARN","severity":"WARNING","logger":"com.suachuabientan.system_internal.common.exception.GlobalExceptionHandler","thread":"http-nio-8080-exec-7","message":"Business exception: Khong the ket noi dich vu nhan dien khuon mat","path":"/api/v1/employees/a3d72dc5-2f21-47d4-8d31-21390fae8587/face","client_ip":"127.0.0.1","method":"POST","request_id":"1bf71972-7aae-49c0-8010-db5d339e461d"}
{"timestamp":"2026-06-01T07:45:31.6121677Z","service":"system-internal","level":"ERROR","severity":"ERROR","logger":"com.suachuabientan.system_internal.common.logging.StructuredRequestLoggingFilter","thread":"http-nio-8080-exec-7","message":"http_request result=ERROR","path":"/api/v1/employees/a3d72dc5-2f21-47d4-8d31-21390fae8587/face","client_ip":"127.0.0.1","status_code":"502","method":"POST","request_id":"1bf71972-7aae-49c0-8010-db5d339e461d","latency_ms":"19"}
{"timestamp":"2026-06-01T07:46:34.1459626Z","service":"system-internal","level":"INFO","severity":"INFO","logger":"com.suachuabientan.system_internal.modules.auth.service.AuthService","thread":"http-nio-8080-exec-9","message":"Đăng nhập thành công: userId=ea20da5f-ff30-4e6f-8bcd-7f1325c3f8c8, role=ADMIN","path":"/api/v1/auth/login","client_ip":"127.0.0.1","method":"POST","request_id":"a9b83cfa-34a1-45fa-935d-5bc0f4422b67"}
{"timestamp":"2026-06-01T07:46:34.1521725Z","service":"system-internal","level":"INFO","severity":"INFO","logger":"com.suachuabientan.system_internal.common.logging.StructuredRequestLoggingFilter","thread":"http-nio-8080-exec-9","message":"http_request result=OK","path":"/api/v1/auth/login","client_ip":"127.0.0.1","status_code":"200","method":"POST","request_id":"a9b83cfa-34a1-45fa-935d-5bc0f4422b67","latency_ms":"273"}
{"timestamp":"2026-06-01T07:46:34.2842608Z","service":"system-internal","level":"INFO","severity":"INFO","logger":"com.suachuabientan.system_internal.modules.employee.service.EmployeeService","thread":"http-nio-8080-exec-6","message":"Đăng ký khuôn mặt: employeeId=a3d72dc5-2f21-47d4-8d31-21390fae8587, by=ea20da5f-ff30-4e6f-8bcd-7f1325c3f8c8","path":"/api/v1/employees/a3d72dc5-2f21-47d4-8d31-21390fae8587/face","client_ip":"127.0.0.1","method":"POST","request_id":"c8f359a7-8905-4dd1-b3a9-13d292b60e7c"}
{"timestamp":"2026-06-01T07:46:34.3241148Z","service":"system-internal","level":"INFO","severity":"INFO","logger":"com.suachuabientan.system_internal.common.logging.StructuredRequestLoggingFilter","thread":"http-nio-8080-exec-6","message":"http_request result=OK","path":"/api/v1/employees/a3d72dc5-2f21-47d4-8d31-21390fae8587/face","client_ip":"127.0.0.1","status_code":"200","method":"POST","request_id":"c8f359a7-8905-4dd1-b3a9-13d292b60e7c","latency_ms":"72"}
{"timestamp":"2026-06-01T07:47:54.4911787Z","service":"system-internal","level":"INFO","severity":"INFO","logger":"com.suachuabientan.system_internal.modules.auth.service.AuthService","thread":"http-nio-8080-exec-2","message":"Đăng nhập thành công: userId=ea20da5f-ff30-4e6f-8bcd-7f1325c3f8c8, role=ADMIN","path":"/api/v1/auth/login","client_ip":"127.0.0.1","method":"POST","request_id":"ea996d42-63f2-4504-9b6d-aa335bcb28d4"}
{"timestamp":"2026-06-01T07:47:54.4962373Z","service":"system-internal","level":"INFO","severity":"INFO","logger":"com.suachuabientan.system_internal.common.logging.StructuredRequestLoggingFilter","thread":"http-nio-8080-exec-2","message":"http_request result=OK","path":"/api/v1/auth/login","client_ip":"127.0.0.1","status_code":"200","method":"POST","request_id":"ea996d42-63f2-4504-9b6d-aa335bcb28d4","latency_ms":"281"}
{"timestamp":"2026-06-01T07:47:54.5430967Z","service":"system-internal","level":"INFO","severity":"INFO","logger":"com.suachuabientan.system_internal.common.logging.StructuredRequestLoggingFilter","thread":"http-nio-8080-exec-3","message":"http_request result=OK","path":"/api/v1/employees/a3d72dc5-2f21-47d4-8d31-21390fae8587","client_ip":"127.0.0.1","status_code":"200","method":"GET","request_id":"185353fb-f01e-4f8c-a512-0c753fd8f2f1","latency_ms":"10"}
{"timestamp":"2026-06-01T07:48:07.7220656Z","service":"system-internal","level":"INFO","severity":"INFO","logger":"com.suachuabientan.system_internal.common.logging.StructuredRequestLoggingFilter","thread":"http-nio-8080-exec-8","message":"http_request result=OK","path":"/actuator/health","client_ip":"192.168.1.152","status_code":"200","method":"GET","request_id":"d88704de-1e77-4358-81cf-45bedf4da26b","latency_ms":"8"}
[INFO] ------------------------------------------------------------------------
[INFO] BUILD FAILURE
[INFO] ------------------------------------------------------------------------
[INFO] Total time:  05:27 min
[INFO] Finished at: 2026-06-01T14:49:07+07:00
[INFO] ------------------------------------------------------------------------
[ERROR] Failed to execute goal org.springframework.boot:spring-boot-maven-plugin:3.2.5:run (default-cli) on project system_internal: Process terminated with exit code: -1 -> [Help 1]
[ERROR] 
[ERROR] To see the full stack trace of the errors, re-run Maven with the -e switch.
[ERROR] Re-run Maven using the -X switch to enable full debug logging.
[ERROR] 
[ERROR] For more information about the errors and possible solutions, please read the following articles:
[ERROR] [Help 1] http://cwiki.apache.org/confluence/display/MAVEN/MojoExecutionException
