[INFO] Scanning for projects...
[INFO] 
[INFO] -----------------< com.suachuabientan:system_internal >-----------------
[INFO] Building System Internal Backend 0.0.1-SNAPSHOT
[INFO]   from pom.xml
[INFO] --------------------------------[ jar ]---------------------------------
[INFO] 
[INFO] >>> spring-boot:3.2.5:run (default-cli) > test-compile @ system_internal >>>
[INFO] 
[INFO] --- resources:3.3.1:resources (default-resources) @ system_internal ---
[INFO] Copying 3 resources from src\main\resources to target\classes
[INFO] Copying 29 resources from src\main\resources to target\classes
[INFO] 
[INFO] --- compiler:3.11.0:compile (default-compile) @ system_internal ---
[INFO] Nothing to compile - all classes are up to date
[INFO] 
[INFO] --- resources:3.3.1:testResources (default-testResources) @ system_internal ---
[INFO] skip non existing resourceDirectory D:\workspace\system_inl\application\backend\src\test\resources
[INFO] 
[INFO] --- compiler:3.11.0:testCompile (default-testCompile) @ system_internal ---
[INFO] Nothing to compile - all classes are up to date
[INFO] 
[INFO] <<< spring-boot:3.2.5:run (default-cli) < test-compile @ system_internal <<<
[INFO] 
[INFO] 
[INFO] --- spring-boot:3.2.5:run (default-cli) @ system_internal ---
[INFO] Attaching agents: []
Standard Commons Logging discovery in action with spring-jcl: please remove commons-logging.jar from classpath in order to avoid potential conflicts

  .   ____          _            __ _ _
 /\\ / ___'_ __ _ _(_)_ __  __ _ \ \ \ \
( ( )\___ | '_ | '_| | '_ \/ _` | \ \ \ \
 \\/  ___)| |_)| | | | | || (_| |  ) ) ) )
  '  |____| .__|_| |_|_| |_\__, | / / / /
 =========|_|==============|___/=/_/_/_/
 :: Spring Boot ::                (v3.2.5)

{"timestamp":"2026-06-01T07:35:30.9461554Z","service":"system-internal","level":"INFO","severity":"INFO","logger":"org.hibernate.validator.internal.util.Version","thread":"background-preinit","message":"HV000001: Hibernate Validator 8.0.1.Final"}
{"timestamp":"2026-06-01T07:35:30.9782752Z","service":"system-internal","level":"INFO","severity":"INFO","logger":"com.suachuabientan.system_internal.SystemInternalApplication","thread":"main","message":"Starting SystemInternalApplication using Java 21.0.9 with PID 12868 (D:\\workspace\\system_inl\\application\\backend\\target\\classes started by admin in D:\\workspace\\system_inl\\application\\backend)"}
{"timestamp":"2026-06-01T07:35:30.9792515Z","service":"system-internal","level":"INFO","severity":"INFO","logger":"com.suachuabientan.system_internal.SystemInternalApplication","thread":"main","message":"The following 1 profile is active: \"dev\""}
{"timestamp":"2026-06-01T07:35:31.8324156Z","service":"system-internal","level":"INFO","severity":"INFO","logger":"org.springframework.data.repository.config.RepositoryConfigurationDelegate","thread":"main","message":"Multiple Spring Data modules found, entering strict repository configuration mode"}
{"timestamp":"2026-06-01T07:35:31.8333825Z","service":"system-internal","level":"INFO","severity":"INFO","logger":"org.springframework.data.repository.config.RepositoryConfigurationDelegate","thread":"main","message":"Bootstrapping Spring Data JPA repositories in DEFAULT mode."}
{"timestamp":"2026-06-01T07:35:31.9604391Z","service":"system-internal","level":"INFO","severity":"INFO","logger":"org.springframework.data.repository.config.RepositoryConfigurationDelegate","thread":"main","message":"Finished Spring Data repository scanning in 122 ms. Found 18 JPA repository interfaces."}
{"timestamp":"2026-06-01T07:35:31.9688852Z","service":"system-internal","level":"INFO","severity":"INFO","logger":"org.springframework.data.repository.config.RepositoryConfigurationDelegate","thread":"main","message":"Multiple Spring Data modules found, entering strict repository configuration mode"}
{"timestamp":"2026-06-01T07:35:31.9698301Z","service":"system-internal","level":"INFO","severity":"INFO","logger":"org.springframework.data.repository.config.RepositoryConfigurationDelegate","thread":"main","message":"Bootstrapping Spring Data Redis repositories in DEFAULT mode."}
{"timestamp":"2026-06-01T07:35:31.9920622Z","service":"system-internal","level":"INFO","severity":"INFO","logger":"org.springframework.data.repository.config.RepositoryConfigurationExtensionSupport","thread":"main","message":"Spring Data Redis - Could not safely identify store assignment for repository candidate interface com.suachuabientan.system_internal.modules.attendance.repository.AttendanceRecordRepository; If you want this repository to be a Redis repository, consider annotating your entities with one of these annotations: org.springframework.data.redis.core.RedisHash (preferred), or consider extending one of the following types with your repository: org.springframework.data.keyvalue.repository.KeyValueRepository"}
{"timestamp":"2026-06-01T07:35:31.9930558Z","service":"system-internal","level":"INFO","severity":"INFO","logger":"org.springframework.data.repository.config.RepositoryConfigurationExtensionSupport","thread":"main","message":"Spring Data Redis - Could not safely identify store assignment for repository candidate interface com.suachuabientan.system_internal.modules.attendance.repository.FaceRecognitionDailyAlertRepository; If you want this repository to be a Redis repository, consider annotating your entities with one of these annotations: org.springframework.data.redis.core.RedisHash (preferred), or consider extending one of the following types with your repository: org.springframework.data.keyvalue.repository.KeyValueRepository"}
{"timestamp":"2026-06-01T07:35:31.9930558Z","service":"system-internal","level":"INFO","severity":"INFO","logger":"org.springframework.data.repository.config.RepositoryConfigurationExtensionSupport","thread":"main","message":"Spring Data Redis - Could not safely identify store assignment for repository candidate interface com.suachuabientan.system_internal.modules.attendance.repository.FaceRecognitionLogRepository; If you want this repository to be a Redis repository, consider annotating your entities with one of these annotations: org.springframework.data.redis.core.RedisHash (preferred), or consider extending one of the following types with your repository: org.springframework.data.keyvalue.repository.KeyValueRepository"}
{"timestamp":"2026-06-01T07:35:31.9940034Z","service":"system-internal","level":"INFO","severity":"INFO","logger":"org.springframework.data.repository.config.RepositoryConfigurationExtensionSupport","thread":"main","message":"Spring Data Redis - Could not safely identify store assignment for repository candidate interface com.suachuabientan.system_internal.modules.attendance.repository.WorkScheduleRepository; If you want this repository to be a Redis repository, consider annotating your entities with one of these annotations: org.springframework.data.redis.core.RedisHash (preferred), or consider extending one of the following types with your repository: org.springframework.data.keyvalue.repository.KeyValueRepository"}
{"timestamp":"2026-06-01T07:35:31.9940034Z","service":"system-internal","level":"INFO","severity":"INFO","logger":"org.springframework.data.repository.config.RepositoryConfigurationExtensionSupport","thread":"main","message":"Spring Data Redis - Could not safely identify store assignment for repository candidate interface com.suachuabientan.system_internal.modules.auth.repository.PasswordResetOtpRepository; If you want this repository to be a Redis repository, consider annotating your entities with one of these annotations: org.springframework.data.redis.core.RedisHash (preferred), or consider extending one of the following types with your repository: org.springframework.data.keyvalue.repository.KeyValueRepository"}
{"timestamp":"2026-06-01T07:35:31.9949791Z","service":"system-internal","level":"INFO","severity":"INFO","logger":"org.springframework.data.repository.config.RepositoryConfigurationExtensionSupport","thread":"main","message":"Spring Data Redis - Could not safely identify store assignment for repository candidate interface com.suachuabientan.system_internal.modules.auth.repository.RefreshTokenRepository; If you want this repository to be a Redis repository, consider annotating your entities with one of these annotations: org.springframework.data.redis.core.RedisHash (preferred), or consider extending one of the following types with your repository: org.springframework.data.keyvalue.repository.KeyValueRepository"}
{"timestamp":"2026-06-01T07:35:31.9949791Z","service":"system-internal","level":"INFO","severity":"INFO","logger":"org.springframework.data.repository.config.RepositoryConfigurationExtensionSupport","thread":"main","message":"Spring Data Redis - Could not safely identify store assignment for repository candidate interface com.suachuabientan.system_internal.modules.auth.repository.UserRegistrationRequestRepository; If you want this repository to be a Redis repository, consider annotating your entities with one of these annotations: org.springframework.data.redis.core.RedisHash (preferred), or consider extending one of the following types with your repository: org.springframework.data.keyvalue.repository.KeyValueRepository"}
{"timestamp":"2026-06-01T07:35:31.9949791Z","service":"system-internal","level":"INFO","severity":"INFO","logger":"org.springframework.data.repository.config.RepositoryConfigurationExtensionSupport","thread":"main","message":"Spring Data Redis - Could not safely identify store assignment for repository candidate interface com.suachuabientan.system_internal.modules.auth.repository.UserRepository; If you want this repository to be a Redis repository, consider annotating your entities with one of these annotations: org.springframework.data.redis.core.RedisHash (preferred), or consider extending one of the following types with your repository: org.springframework.data.keyvalue.repository.KeyValueRepository"}
{"timestamp":"2026-06-01T07:35:31.9959548Z","service":"system-internal","level":"INFO","severity":"INFO","logger":"org.springframework.data.repository.config.RepositoryConfigurationExtensionSupport","thread":"main","message":"Spring Data Redis - Could not safely identify store assignment for repository candidate interface com.suachuabientan.system_internal.modules.messaging.repository.ConversationMemberRepository; If you want this repository to be a Redis repository, consider annotating your entities with one of these annotations: org.springframework.data.redis.core.RedisHash (preferred), or consider extending one of the following types with your repository: org.springframework.data.keyvalue.repository.KeyValueRepository"}
{"timestamp":"2026-06-01T07:35:31.9959548Z","service":"system-internal","level":"INFO","severity":"INFO","logger":"org.springframework.data.repository.config.RepositoryConfigurationExtensionSupport","thread":"main","message":"Spring Data Redis - Could not safely identify store assignment for repository candidate interface com.suachuabientan.system_internal.modules.messaging.repository.ConversationRepository; If you want this repository to be a Redis repository, consider annotating your entities with one of these annotations: org.springframework.data.redis.core.RedisHash (preferred), or consider extending one of the following types with your repository: org.springframework.data.keyvalue.repository.KeyValueRepository"}
{"timestamp":"2026-06-01T07:35:31.9959548Z","service":"system-internal","level":"INFO","severity":"INFO","logger":"org.springframework.data.repository.config.RepositoryConfigurationExtensionSupport","thread":"main","message":"Spring Data Redis - Could not safely identify store assignment for repository candidate interface com.suachuabientan.system_internal.modules.messaging.repository.MessageReadRepository; If you want this repository to be a Redis repository, consider annotating your entities with one of these annotations: org.springframework.data.redis.core.RedisHash (preferred), or consider extending one of the following types with your repository: org.springframework.data.keyvalue.repository.KeyValueRepository"}
{"timestamp":"2026-06-01T07:35:31.9959548Z","service":"system-internal","level":"INFO","severity":"INFO","logger":"org.springframework.data.repository.config.RepositoryConfigurationExtensionSupport","thread":"main","message":"Spring Data Redis - Could not safely identify store assignment for repository candidate interface com.suachuabientan.system_internal.modules.messaging.repository.MessageRepository; If you want this repository to be a Redis repository, consider annotating your entities with one of these annotations: org.springframework.data.redis.core.RedisHash (preferred), or consider extending one of the following types with your repository: org.springframework.data.keyvalue.repository.KeyValueRepository"}
{"timestamp":"2026-06-01T07:35:31.9969321Z","service":"system-internal","level":"INFO","severity":"INFO","logger":"org.springframework.data.repository.config.RepositoryConfigurationExtensionSupport","thread":"main","message":"Spring Data Redis - Could not safely identify store assignment for repository candidate interface com.suachuabientan.system_internal.modules.notification.repository.NotificationRepository; If you want this repository to be a Redis repository, consider annotating your entities with one of these annotations: org.springframework.data.redis.core.RedisHash (preferred), or consider extending one of the following types with your repository: org.springframework.data.keyvalue.repository.KeyValueRepository"}
{"timestamp":"2026-06-01T07:35:31.9969321Z","service":"system-internal","level":"INFO","severity":"INFO","logger":"org.springframework.data.repository.config.RepositoryConfigurationExtensionSupport","thread":"main","message":"Spring Data Redis - Could not safely identify store assignment for repository candidate interface com.suachuabientan.system_internal.modules.repair.repository.RepairImageRepository; If you want this repository to be a Redis repository, consider annotating your entities with one of these annotations: org.springframework.data.redis.core.RedisHash (preferred), or consider extending one of the following types with your repository: org.springframework.data.keyvalue.repository.KeyValueRepository"}
{"timestamp":"2026-06-01T07:35:31.9969321Z","service":"system-internal","level":"INFO","severity":"INFO","logger":"org.springframework.data.repository.config.RepositoryConfigurationExtensionSupport","thread":"main","message":"Spring Data Redis - Could not safely identify store assignment for repository candidate interface com.suachuabientan.system_internal.modules.repair.repository.RepairOrderRepository; If you want this repository to be a Redis repository, consider annotating your entities with one of these annotations: org.springframework.data.redis.core.RedisHash (preferred), or consider extending one of the following types with your repository: org.springframework.data.keyvalue.repository.KeyValueRepository"}
{"timestamp":"2026-06-01T07:35:31.9969321Z","service":"system-internal","level":"INFO","severity":"INFO","logger":"org.springframework.data.repository.config.RepositoryConfigurationExtensionSupport","thread":"main","message":"Spring Data Redis - Could not safely identify store assignment for repository candidate interface com.suachuabientan.system_internal.modules.repair.repository.RepairTimelineRepository; If you want this repository to be a Redis repository, consider annotating your entities with one of these annotations: org.springframework.data.redis.core.RedisHash (preferred), or consider extending one of the following types with your repository: org.springframework.data.keyvalue.repository.KeyValueRepository"}
{"timestamp":"2026-06-01T07:35:31.9969321Z","service":"system-internal","level":"INFO","severity":"INFO","logger":"org.springframework.data.repository.config.RepositoryConfigurationExtensionSupport","thread":"main","message":"Spring Data Redis - Could not safely identify store assignment for repository candidate interface com.suachuabientan.system_internal.modules.warehouse.repository.BoardCheckoutRepository; If you want this repository to be a Redis repository, consider annotating your entities with one of these annotations: org.springframework.data.redis.core.RedisHash (preferred), or consider extending one of the following types with your repository: org.springframework.data.keyvalue.repository.KeyValueRepository"}
{"timestamp":"2026-06-01T07:35:31.9984397Z","service":"system-internal","level":"INFO","severity":"INFO","logger":"org.springframework.data.repository.config.RepositoryConfigurationExtensionSupport","thread":"main","message":"Spring Data Redis - Could not safely identify store assignment for repository candidate interface com.suachuabientan.system_internal.modules.warehouse.repository.BoardItemRepository; If you want this repository to be a Redis repository, consider annotating your entities with one of these annotations: org.springframework.data.redis.core.RedisHash (preferred), or consider extending one of the following types with your repository: org.springframework.data.keyvalue.repository.KeyValueRepository"}
{"timestamp":"2026-06-01T07:35:31.9984397Z","service":"system-internal","level":"INFO","severity":"INFO","logger":"org.springframework.data.repository.config.RepositoryConfigurationDelegate","thread":"main","message":"Finished Spring Data repository scanning in 22 ms. Found 0 Redis repository interfaces."}
{"timestamp":"2026-06-01T07:35:32.6351148Z","service":"system-internal","level":"INFO","severity":"INFO","logger":"org.springframework.boot.web.embedded.tomcat.TomcatWebServer","thread":"main","message":"Tomcat initialized with port 8081 (http)"}
{"timestamp":"2026-06-01T07:35:32.6434628Z","service":"system-internal","level":"INFO","severity":"INFO","logger":"org.apache.coyote.http11.Http11NioProtocol","thread":"main","message":"Initializing ProtocolHandler [\"http-nio-8081\"]"}
{"timestamp":"2026-06-01T07:35:32.6450503Z","service":"system-internal","level":"INFO","severity":"INFO","logger":"org.apache.catalina.core.StandardService","thread":"main","message":"Starting service [Tomcat]"}
{"timestamp":"2026-06-01T07:35:32.6450503Z","service":"system-internal","level":"INFO","severity":"INFO","logger":"org.apache.catalina.core.StandardEngine","thread":"main","message":"Starting Servlet engine: [Apache Tomcat/10.1.20]"}
{"timestamp":"2026-06-01T07:35:32.7102454Z","service":"system-internal","level":"INFO","severity":"INFO","logger":"org.apache.catalina.core.ContainerBase.[Tomcat].[localhost].[/]","thread":"main","message":"Initializing Spring embedded WebApplicationContext"}
{"timestamp":"2026-06-01T07:35:32.711223Z","service":"system-internal","level":"INFO","severity":"INFO","logger":"org.springframework.boot.web.servlet.context.ServletWebServerApplicationContext","thread":"main","message":"Root WebApplicationContext: initialization completed in 1699 ms"}
Standard Commons Logging discovery in action with spring-jcl: please remove commons-logging.jar from classpath in order to avoid potential conflicts
{"timestamp":"2026-06-01T07:35:32.9047178Z","service":"system-internal","level":"INFO","severity":"INFO","logger":"com.zaxxer.hikari.HikariDataSource","thread":"main","message":"HikariPool-1 - Starting..."}
{"timestamp":"2026-06-01T07:35:33.0276086Z","service":"system-internal","level":"INFO","severity":"INFO","logger":"com.zaxxer.hikari.pool.HikariPool","thread":"main","message":"HikariPool-1 - Added connection org.postgresql.jdbc.PgConnection@1f6d7e7c"}
{"timestamp":"2026-06-01T07:35:33.0287795Z","service":"system-internal","level":"INFO","severity":"INFO","logger":"com.zaxxer.hikari.HikariDataSource","thread":"main","message":"HikariPool-1 - Start completed."}
{"timestamp":"2026-06-01T07:35:33.0791157Z","service":"system-internal","level":"INFO","severity":"INFO","logger":"org.flywaydb.core.internal.license.VersionPrinter","thread":"main","message":"Flyway Community Edition 9.22.3 by Redgate"}
{"timestamp":"2026-06-01T07:35:33.0791157Z","service":"system-internal","level":"INFO","severity":"INFO","logger":"org.flywaydb.core.internal.license.VersionPrinter","thread":"main","message":"See release notes here: https://rd.gt/416ObMi"}
{"timestamp":"2026-06-01T07:35:33.080078Z","service":"system-internal","level":"INFO","severity":"INFO","logger":"org.flywaydb.core.internal.license.VersionPrinter","thread":"main","message":""}
{"timestamp":"2026-06-01T07:35:33.0921472Z","service":"system-internal","level":"INFO","severity":"INFO","logger":"org.flywaydb.core.FlywayExecutor","thread":"main","message":"Database: jdbc:postgresql://localhost:5432/system_internal_db (PostgreSQL 15.17)"}
{"timestamp":"2026-06-01T07:35:33.1365417Z","service":"system-internal","level":"INFO","severity":"INFO","logger":"org.flywaydb.core.internal.command.DbValidate","thread":"main","message":"Successfully validated 23 migrations (execution time 00:00.030s)"}
{"timestamp":"2026-06-01T07:35:33.1560983Z","service":"system-internal","level":"INFO","severity":"INFO","logger":"org.flywaydb.core.internal.command.DbMigrate","thread":"main","message":"Current version of schema \"public\": 22"}
{"timestamp":"2026-06-01T07:35:33.1587268Z","service":"system-internal","level":"INFO","severity":"INFO","logger":"org.flywaydb.core.internal.command.DbMigrate","thread":"main","message":"Schema \"public\" is up to date. No migration necessary."}
{"timestamp":"2026-06-01T07:35:33.2394646Z","service":"system-internal","level":"INFO","severity":"INFO","logger":"org.hibernate.jpa.internal.util.LogHelper","thread":"main","message":"HHH000204: Processing PersistenceUnitInfo [name: default]"}
{"timestamp":"2026-06-01T07:35:33.3105751Z","service":"system-internal","level":"INFO","severity":"INFO","logger":"org.hibernate.Version","thread":"main","message":"HHH000412: Hibernate ORM core version 6.4.4.Final"}
{"timestamp":"2026-06-01T07:35:33.3451641Z","service":"system-internal","level":"INFO","severity":"INFO","logger":"org.hibernate.cache.internal.RegionFactoryInitiator","thread":"main","message":"HHH000026: Second-level cache disabled"}
{"timestamp":"2026-06-01T07:35:33.5533382Z","service":"system-internal","level":"INFO","severity":"INFO","logger":"org.springframework.orm.jpa.persistenceunit.SpringPersistenceUnitInfo","thread":"main","message":"No LoadTimeWeaver setup: ignoring JPA class transformer"}
{"timestamp":"2026-06-01T07:35:34.6145656Z","service":"system-internal","level":"INFO","severity":"INFO","logger":"org.hibernate.engine.transaction.jta.platform.internal.JtaPlatformInitiator","thread":"main","message":"HHH000489: No JTA platform available (set 'hibernate.transaction.jta.platform' to enable JTA platform integration)"}
{"timestamp":"2026-06-01T07:35:34.6610499Z","service":"system-internal","level":"INFO","severity":"INFO","logger":"org.springframework.orm.jpa.LocalContainerEntityManagerFactoryBean","thread":"main","message":"Initialized JPA EntityManagerFactory for persistence unit 'default'"}
{"timestamp":"2026-06-01T07:35:34.9087234Z","service":"system-internal","level":"INFO","severity":"INFO","logger":"org.springframework.data.jpa.repository.query.QueryEnhancerFactory","thread":"main","message":"Hibernate is in classpath; If applicable, HQL parser will be used."}
{"timestamp":"2026-06-01T07:35:35.7029593Z","service":"system-internal","level":"INFO","severity":"INFO","logger":"com.suachuabientan.system_internal.config.FirebaseConfig","thread":"main","message":"✓ Firebase Admin SDK khởi tạo thành công"}
{"timestamp":"2026-06-01T07:35:36.7405685Z","service":"system-internal","level":"WARN","severity":"WARNING","logger":"org.springframework.boot.autoconfigure.orm.jpa.JpaBaseConfiguration$JpaWebConfiguration","thread":"main","message":"spring.jpa.open-in-view is enabled by default. Therefore, database queries may be performed during view rendering. Explicitly configure spring.jpa.open-in-view to disable this warning"}
{"timestamp":"2026-06-01T07:35:37.5046217Z","service":"system-internal","level":"INFO","severity":"INFO","logger":"org.springframework.boot.actuate.endpoint.web.EndpointLinksResolver","thread":"main","message":"Exposing 1 endpoint(s) beneath base path '/actuator'"}
{"timestamp":"2026-06-01T07:35:37.6006463Z","service":"system-internal","level":"INFO","severity":"INFO","logger":"org.springframework.security.web.access.channel.ChannelProcessingFilter","thread":"main","message":"Validated configuration attributes"}
{"timestamp":"2026-06-01T07:35:37.6075262Z","service":"system-internal","level":"INFO","severity":"INFO","logger":"org.springframework.security.web.DefaultSecurityFilterChain","thread":"main","message":"Will secure any request with [org.springframework.security.web.session.DisableEncodeUrlFilter@3342e5ce, org.springframework.security.web.access.channel.ChannelProcessingFilter@6d208cb2, org.springframework.security.web.context.request.async.WebAsyncManagerIntegrationFilter@5ee5178e, org.springframework.security.web.context.SecurityContextHolderFilter@68c440aa, org.springframework.security.web.header.HeaderWriterFilter@640c43fe, org.springframework.web.filter.CorsFilter@6ca432b0, org.springframework.security.web.authentication.logout.LogoutFilter@23fbe411, com.suachuabientan.system_internal.security.filter.JwtAuthFilter@b28fd1, org.springframework.security.web.savedrequest.RequestCacheAwareFilter@1686f9ab, org.springframework.security.web.servletapi.SecurityContextHolderAwareRequestFilter@530d7801, org.springframework.security.web.authentication.AnonymousAuthenticationFilter@52d2304e, org.springframework.security.web.session.SessionManagementFilter@63d09641, org.springframework.security.web.access.ExceptionTranslationFilter@14d59f0e, org.springframework.security.web.access.intercept.AuthorizationFilter@7f8b7b1e]"}
{"timestamp":"2026-06-01T07:35:38.2407955Z","service":"system-internal","level":"INFO","severity":"INFO","logger":"org.apache.coyote.http11.Http11NioProtocol","thread":"main","message":"Starting ProtocolHandler [\"http-nio-8081\"]"}
{"timestamp":"2026-06-01T07:35:38.2571508Z","service":"system-internal","level":"INFO","severity":"INFO","logger":"org.springframework.boot.web.embedded.tomcat.TomcatWebServer","thread":"main","message":"Tomcat started on port 8081 (http) with context path ''"}
{"timestamp":"2026-06-01T07:35:38.2586696Z","service":"system-internal","level":"INFO","severity":"INFO","logger":"org.springframework.messaging.simp.broker.SimpleBrokerMessageHandler","thread":"main","message":"Starting..."}
{"timestamp":"2026-06-01T07:35:38.2586696Z","service":"system-internal","level":"INFO","severity":"INFO","logger":"org.springframework.messaging.simp.broker.SimpleBrokerMessageHandler","thread":"main","message":"BrokerAvailabilityEvent[available=true, SimpleBrokerMessageHandler [org.springframework.messaging.simp.broker.DefaultSubscriptionRegistry@15577c18]]"}
{"timestamp":"2026-06-01T07:35:38.2586696Z","service":"system-internal","level":"INFO","severity":"INFO","logger":"org.springframework.messaging.simp.broker.SimpleBrokerMessageHandler","thread":"main","message":"Started."}
{"timestamp":"2026-06-01T07:35:38.2706084Z","service":"system-internal","level":"INFO","severity":"INFO","logger":"com.suachuabientan.system_internal.SystemInternalApplication","thread":"main","message":"Started SystemInternalApplication in 7.811 seconds (process running for 8.128)"}
{"timestamp":"2026-06-01T07:35:38.3277955Z","service":"system-internal","level":"INFO","severity":"INFO","logger":"com.suachuabientan.system_internal.modules.attendance.service.AttendanceAiSmokeTestRunner","thread":"main","message":"Attendance AI smoke test is disabled"}
{"timestamp":"2026-06-01T07:35:38.3277955Z","service":"system-internal","level":"INFO","severity":"INFO","logger":"com.suachuabientan.system_internal.config.DataInitializer","thread":"main","message":"=== DataInitializer: Kiểm tra tài khoản mặc định ==="}
{"timestamp":"2026-06-01T07:35:38.4322073Z","service":"system-internal","level":"INFO","severity":"INFO","logger":"com.suachuabientan.system_internal.config.DataInitializer","thread":"main","message":"✓ SUPER_ADMIN 'superadmin' đã tồn tại — bỏ qua."}
{"timestamp":"2026-06-01T07:35:38.4346842Z","service":"system-internal","level":"INFO","severity":"INFO","logger":"com.suachuabientan.system_internal.config.DataInitializer","thread":"main","message":"✓ ADMIN 'admin' đã tồn tại — bỏ qua."}
{"timestamp":"2026-06-01T07:35:38.4351882Z","service":"system-internal","level":"INFO","severity":"INFO","logger":"com.suachuabientan.system_internal.config.DataInitializer","thread":"main","message":"=== DataInitializer: Hoàn tất ==="}
{"timestamp":"2026-06-01T07:35:50.0734832Z","service":"system-internal","level":"INFO","severity":"INFO","logger":"org.apache.catalina.core.ContainerBase.[Tomcat].[localhost].[/]","thread":"http-nio-8081-exec-1","message":"Initializing Spring DispatcherServlet 'dispatcherServlet'"}
{"timestamp":"2026-06-01T07:35:50.0744679Z","service":"system-internal","level":"INFO","severity":"INFO","logger":"org.springframework.web.servlet.DispatcherServlet","thread":"http-nio-8081-exec-1","message":"Initializing Servlet 'dispatcherServlet'"}
{"timestamp":"2026-06-01T07:35:50.0784552Z","service":"system-internal","level":"INFO","severity":"INFO","logger":"org.springframework.web.servlet.DispatcherServlet","thread":"http-nio-8081-exec-1","message":"Completed initialization in 4 ms"}
{"timestamp":"2026-06-01T07:35:50.5208777Z","service":"system-internal","level":"INFO","severity":"INFO","logger":"com.suachuabientan.system_internal.common.logging.StructuredRequestLoggingFilter","thread":"http-nio-8081-exec-1","message":"http_request result=OK","path":"/actuator/health","client_ip":"127.0.0.1","status_code":"200","method":"GET","request_id":"697305ef-7203-46b1-b5a6-6851457668cd","latency_ms":"438"}
{"timestamp":"2026-06-01T07:36:05.41727Z","service":"system-internal","level":"INFO","severity":"INFO","logger":"com.suachuabientan.system_internal.modules.auth.service.AuthService","thread":"http-nio-8081-exec-6","message":"Đăng nhập thành công: userId=ea20da5f-ff30-4e6f-8bcd-7f1325c3f8c8, role=ADMIN","path":"/api/v1/auth/login","client_ip":"127.0.0.1","method":"POST","request_id":"6da867d9-c12a-4f76-ace8-862557ac53ad"}
{"timestamp":"2026-06-01T07:36:05.4379501Z","service":"system-internal","level":"INFO","severity":"INFO","logger":"com.suachuabientan.system_internal.common.logging.StructuredRequestLoggingFilter","thread":"http-nio-8081-exec-6","message":"http_request result=OK","path":"/api/v1/auth/login","client_ip":"127.0.0.1","status_code":"200","method":"POST","request_id":"6da867d9-c12a-4f76-ace8-862557ac53ad","latency_ms":"719"}
{"timestamp":"2026-06-01T07:36:05.61413Z","service":"system-internal","level":"WARN","severity":"WARNING","logger":"com.suachuabientan.system_internal.modules.attendance.service.FaceRecognitionService","thread":"http-nio-8081-exec-10","message":"Face recognition service call failed: http://127.0.0.1:5000/api/v1/faces/encode (I/O error on POST request for \"http://127.0.0.1:5000/api/v1/faces/encode\": An established connection was aborted by the software in your host machine)","path":"/api/v1/employees/a3d72dc5-2f21-47d4-8d31-21390fae8587/face","client_ip":"127.0.0.1","method":"POST","request_id":"17350e38-ddbd-436d-b5b7-3d93dd1ea89c"}
{"timestamp":"2026-06-01T07:36:05.6186772Z","service":"system-internal","level":"WARN","severity":"WARNING","logger":"com.suachuabientan.system_internal.common.exception.GlobalExceptionHandler","thread":"http-nio-8081-exec-10","message":"Business exception: Khong the ket noi dich vu nhan dien khuon mat","path":"/api/v1/employees/a3d72dc5-2f21-47d4-8d31-21390fae8587/face","client_ip":"127.0.0.1","method":"POST","request_id":"17350e38-ddbd-436d-b5b7-3d93dd1ea89c"}
{"timestamp":"2026-06-01T07:36:05.6202696Z","service":"system-internal","level":"ERROR","severity":"ERROR","logger":"com.suachuabientan.system_internal.common.logging.StructuredRequestLoggingFilter","thread":"http-nio-8081-exec-10","message":"http_request result=ERROR","path":"/api/v1/employees/a3d72dc5-2f21-47d4-8d31-21390fae8587/face","client_ip":"127.0.0.1","status_code":"502","method":"POST","request_id":"17350e38-ddbd-436d-b5b7-3d93dd1ea89c","latency_ms":"79"}
{"timestamp":"2026-06-01T07:36:38.2190009Z","service":"system-internal","level":"INFO","severity":"INFO","logger":"org.springframework.web.socket.config.WebSocketMessageBrokerStats","thread":"MessageBroker-1","message":"WebSocketSession[0 current WS(0)-HttpStream(0)-HttpPoll(0), 0 total, 0 closed abnormally (0 connect failure, 0 send limit, 0 transport error)], stompSubProtocol[processed CONNECT(0)-CONNECTED(0)-DISCONNECT(0)], stompBrokerRelay[null], inboundChannel[pool size = 0, active threads = 0, queued tasks = 0, completed tasks = 0], outboundChannel[pool size = 0, active threads = 0, queued tasks = 0, completed tasks = 0], sockJsScheduler[pool size = 4, active threads = 1, queued tasks = 3, completed tasks = 0]"}
{"timestamp":"2026-06-01T07:37:01.828865Z","service":"system-internal","level":"INFO","severity":"INFO","logger":"com.suachuabientan.system_internal.modules.auth.service.AuthService","thread":"http-nio-8081-exec-7","message":"Đăng nhập thành công: userId=ea20da5f-ff30-4e6f-8bcd-7f1325c3f8c8, role=ADMIN","path":"/api/v1/auth/login","client_ip":"127.0.0.1","method":"POST","request_id":"237a09ea-af92-428b-9682-3e2353b9173c"}
{"timestamp":"2026-06-01T07:37:01.8349652Z","service":"system-internal","level":"INFO","severity":"INFO","logger":"com.suachuabientan.system_internal.common.logging.StructuredRequestLoggingFilter","thread":"http-nio-8081-exec-7","message":"http_request result=OK","path":"/api/v1/auth/login","client_ip":"127.0.0.1","status_code":"200","method":"POST","request_id":"237a09ea-af92-428b-9682-3e2353b9173c","latency_ms":"289"}
{"timestamp":"2026-06-01T07:37:01.9529514Z","service":"system-internal","level":"WARN","severity":"WARNING","logger":"com.suachuabientan.system_internal.modules.attendance.service.FaceRecognitionService","thread":"http-nio-8081-exec-3","message":"Face recognition service call failed: http://127.0.0.1:5000/api/v1/faces/encode (400 Bad Request: \"{\"error\":\"Only image/jpeg and image/png are supported\"}\")","path":"/api/v1/employees/a3d72dc5-2f21-47d4-8d31-21390fae8587/face","client_ip":"127.0.0.1","method":"POST","request_id":"611f81c9-5186-40d5-abdf-e95806a631f7"}
{"timestamp":"2026-06-01T07:37:01.9545689Z","service":"system-internal","level":"WARN","severity":"WARNING","logger":"com.suachuabientan.system_internal.common.exception.GlobalExceptionHandler","thread":"http-nio-8081-exec-3","message":"Business exception: Khong the ket noi dich vu nhan dien khuon mat","path":"/api/v1/employees/a3d72dc5-2f21-47d4-8d31-21390fae8587/face","client_ip":"127.0.0.1","method":"POST","request_id":"611f81c9-5186-40d5-abdf-e95806a631f7"}
{"timestamp":"2026-06-01T07:37:01.9561826Z","service":"system-internal","level":"ERROR","severity":"ERROR","logger":"com.suachuabientan.system_internal.common.logging.StructuredRequestLoggingFilter","thread":"http-nio-8081-exec-3","message":"http_request result=ERROR","path":"/api/v1/employees/a3d72dc5-2f21-47d4-8d31-21390fae8587/face","client_ip":"127.0.0.1","status_code":"502","method":"POST","request_id":"611f81c9-5186-40d5-abdf-e95806a631f7","latency_ms":"19"}
[INFO] ------------------------------------------------------------------------
[INFO] BUILD FAILURE
[INFO] ------------------------------------------------------------------------
[INFO] Total time:  02:51 min
[INFO] Finished at: 2026-06-01T14:38:18+07:00
[INFO] ------------------------------------------------------------------------
[ERROR] Failed to execute goal org.springframework.boot:spring-boot-maven-plugin:3.2.5:run (default-cli) on project system_internal: Process terminated with exit code: -1 -> [Help 1]
[ERROR] 
[ERROR] To see the full stack trace of the errors, re-run Maven with the -e switch.
[ERROR] Re-run Maven using the -X switch to enable full debug logging.
[ERROR] 
[ERROR] For more information about the errors and possible solutions, please read the following articles:
[ERROR] [Help 1] http://cwiki.apache.org/confluence/display/MAVEN/MojoExecutionException
